Archive member included to satisfy reference by file (symbol)

/opt/homebrew/Cellar/arm-gcc-bin@8/8-2019-q3-update_2/bin/../lib/gcc/arm-none-eabi/8.3.1/thumb/v6-m/nofp/libgcc.a(_dvmd_tls.o)
                              CMakeFiles/lwip_test.dir/Users/mikeyliang/Pico/pico-sdk/src/rp2_common/pico_divider/divider.S.obj (__aeabi_idiv0)
/opt/homebrew/Cellar/arm-gcc-bin@8/8-2019-q3-update_2/bin/../lib/gcc/arm-none-eabi/8.3.1/../../../../arm-none-eabi/lib/thumb/v6-m/nofp/libc.a(lib_a-atoi.o)
                              CMakeFiles/lwip_test.dir/Users/mikeyliang/Pico/pico-sdk/lib/lwip/src/core/netif.c.obj (atoi)
/opt/homebrew/Cellar/arm-gcc-bin@8/8-2019-q3-update_2/bin/../lib/gcc/arm-none-eabi/8.3.1/../../../../arm-none-eabi/lib/thumb/v6-m/nofp/libc.a(lib_a-calloc.o)
                              CMakeFiles/lwip_test.dir/Users/mikeyliang/Pico/pico-sdk/src/rp2_common/pico_malloc/pico_malloc.c.obj (calloc)
/opt/homebrew/Cellar/arm-gcc-bin@8/8-2019-q3-update_2/bin/../lib/gcc/arm-none-eabi/8.3.1/../../../../arm-none-eabi/lib/thumb/v6-m/nofp/libc.a(lib_a-callocr.o)
                              /opt/homebrew/Cellar/arm-gcc-bin@8/8-2019-q3-update_2/bin/../lib/gcc/arm-none-eabi/8.3.1/../../../../arm-none-eabi/lib/thumb/v6-m/nofp/libc.a(lib_a-calloc.o) (_calloc_r)
/opt/homebrew/Cellar/arm-gcc-bin@8/8-2019-q3-update_2/bin/../lib/gcc/arm-none-eabi/8.3.1/../../../../arm-none-eabi/lib/thumb/v6-m/nofp/libc.a(lib_a-ctype_.o)
                              CMakeFiles/lwip_test.dir/Users/mikeyliang/Pico/pico-sdk/lib/lwip/src/core/dns.c.obj (_ctype_)
/opt/homebrew/Cellar/arm-gcc-bin@8/8-2019-q3-update_2/bin/../lib/gcc/arm-none-eabi/8.3.1/../../../../arm-none-eabi/lib/thumb/v6-m/nofp/libc.a(lib_a-impure.o)
                              /opt/homebrew/Cellar/arm-gcc-bin@8/8-2019-q3-update_2/bin/../lib/gcc/arm-none-eabi/8.3.1/../../../../arm-none-eabi/lib/thumb/v6-m/nofp/libc.a(lib_a-calloc.o) (_impure_ptr)
/opt/homebrew/Cellar/arm-gcc-bin@8/8-2019-q3-update_2/bin/../lib/gcc/arm-none-eabi/8.3.1/../../../../arm-none-eabi/lib/thumb/v6-m/nofp/libc.a(lib_a-init.o)
                              /opt/homebrew/Cellar/arm-gcc-bin@8/8-2019-q3-update_2/bin/../lib/gcc/arm-none-eabi/8.3.1/../../../../arm-none-eabi/lib/thumb/v6-m/nofp/crt0.o (__libc_init_array)
/opt/homebrew/Cellar/arm-gcc-bin@8/8-2019-q3-update_2/bin/../lib/gcc/arm-none-eabi/8.3.1/../../../../arm-none-eabi/lib/thumb/v6-m/nofp/libc.a(lib_a-malloc.o)
                              CMakeFiles/lwip_test.dir/Users/mikeyliang/Pico/pico-sdk/src/rp2_common/pico_malloc/pico_malloc.c.obj (malloc)
/opt/homebrew/Cellar/arm-gcc-bin@8/8-2019-q3-update_2/bin/../lib/gcc/arm-none-eabi/8.3.1/../../../../arm-none-eabi/lib/thumb/v6-m/nofp/libc.a(lib_a-mallocr.o)
                              /opt/homebrew/Cellar/arm-gcc-bin@8/8-2019-q3-update_2/bin/../lib/gcc/arm-none-eabi/8.3.1/../../../../arm-none-eabi/lib/thumb/v6-m/nofp/libc.a(lib_a-callocr.o) (_malloc_r)
/opt/homebrew/Cellar/arm-gcc-bin@8/8-2019-q3-update_2/bin/../lib/gcc/arm-none-eabi/8.3.1/../../../../arm-none-eabi/lib/thumb/v6-m/nofp/libc.a(lib_a-memcmp.o)
                              CMakeFiles/lwip_test.dir/Users/mikeyliang/Pico/pico-sdk/lib/lwip/src/netif/ethernet.c.obj (memcmp)
/opt/homebrew/Cellar/arm-gcc-bin@8/8-2019-q3-update_2/bin/../lib/gcc/arm-none-eabi/8.3.1/../../../../arm-none-eabi/lib/thumb/v6-m/nofp/libc.a(lib_a-memmove.o)
                              CMakeFiles/lwip_test.dir/Users/mikeyliang/Pico/pico-sdk/lib/lwip/src/core/def.c.obj (memmove)
/opt/homebrew/Cellar/arm-gcc-bin@8/8-2019-q3-update_2/bin/../lib/gcc/arm-none-eabi/8.3.1/../../../../arm-none-eabi/lib/thumb/v6-m/nofp/libc.a(lib_a-mlock.o)
                              /opt/homebrew/Cellar/arm-gcc-bin@8/8-2019-q3-update_2/bin/../lib/gcc/arm-none-eabi/8.3.1/../../../../arm-none-eabi/lib/thumb/v6-m/nofp/libc.a(lib_a-mallocr.o) (__malloc_lock)
/opt/homebrew/Cellar/arm-gcc-bin@8/8-2019-q3-update_2/bin/../lib/gcc/arm-none-eabi/8.3.1/../../../../arm-none-eabi/lib/thumb/v6-m/nofp/libc.a(lib_a-realloc.o)
                              CMakeFiles/lwip_test.dir/Users/mikeyliang/Pico/pico-sdk/src/rp2_common/pico_malloc/pico_malloc.c.obj (realloc)
/opt/homebrew/Cellar/arm-gcc-bin@8/8-2019-q3-update_2/bin/../lib/gcc/arm-none-eabi/8.3.1/../../../../arm-none-eabi/lib/thumb/v6-m/nofp/libc.a(lib_a-reallocr.o)
                              /opt/homebrew/Cellar/arm-gcc-bin@8/8-2019-q3-update_2/bin/../lib/gcc/arm-none-eabi/8.3.1/../../../../arm-none-eabi/lib/thumb/v6-m/nofp/libc.a(lib_a-realloc.o) (_realloc_r)
/opt/homebrew/Cellar/arm-gcc-bin@8/8-2019-q3-update_2/bin/../lib/gcc/arm-none-eabi/8.3.1/../../../../arm-none-eabi/lib/thumb/v6-m/nofp/libc.a(lib_a-sbrkr.o)
                              /opt/homebrew/Cellar/arm-gcc-bin@8/8-2019-q3-update_2/bin/../lib/gcc/arm-none-eabi/8.3.1/../../../../arm-none-eabi/lib/thumb/v6-m/nofp/libc.a(lib_a-mallocr.o) (_sbrk_r)
[...]
Memory Configuration

Name             Origin             Length             Attributes
FLASH            0x0000000010000000 0x0000000000200000 xr
RAM              0x0000000020000000 0x0000000000040000 xrw
SCRATCH_X        0x0000000020040000 0x0000000000001000 xrw
SCRATCH_Y        0x0000000020041000 0x0000000000001000 xrw
*default*        0x0000000000000000 0xffffffffffffffff

Linker script and memory map

LOAD /opt/homebrew/Cellar/arm-gcc-bin@8/8-2019-q3-update_2/bin/../lib/gcc/arm-none-eabi/8.3.1/thumb/v6-m/nofp/crti.o
LOAD /opt/homebrew/Cellar/arm-gcc-bin@8/8-2019-q3-update_2/bin/../lib/gcc/arm-none-eabi/8.3.1/thumb/v6-m/nofp/crtbegin.o
LOAD /opt/homebrew/Cellar/arm-gcc-bin@8/8-2019-q3-update_2/bin/../lib/gcc/arm-none-eabi/8.3.1/../../../../arm-none-eabi/lib/thumb/v6-m/nofp/crt0.o

.flash_begin    0x0000000010000000        0x0
                0x0000000010000000                __flash_binary_start = .

.boot2          0x0000000010000000      0x100
                0x0000000010000000                __boot2_start__ = .
 *(.boot2)
 .boot2         0x0000000010000000      0x100 /var/folders/0h/vb4tj0tx36z9nnwgb15ynwb00000gn/T//ccokNX61.o
                0x0000000010000100                __boot2_end__ = .
                0x0000000000000001                ASSERT (((__boot2_end__ - __boot2_start__) == 0x100), ERROR: Pico second stage bootloader must be 256 bytes in size)

.text           0x0000000010000100    0x16da8
                0x0000000010000100                __logical_binary_start = .
 *(.vectors)
 .vectors       0x0000000010000100       0xd4 CMakeFiles/lwip_test.dir/Users/mikeyliang/Pico/pico-sdk/src/rp2_common/pico_standard_link/crt0.S.obj
                0x0000000010000100                __VECTOR_TABLE
                0x0000000010000100                __vectors
                0x00000000100001c0                __default_isrs_start
                0x00000000100001c0                isr_invalid
                0x00000000100001c2                isr_nmi
                0x00000000100001c4                isr_hardfault
                0x00000000100001c6                isr_svcall
                0x00000000100001c8                isr_pendsv
                0x00000000100001ca                isr_systick
                0x00000000100001cc                isr_irq28
                0x00000000100001cc                isr_irq19
                0x00000000100001cc                isr_irq0
                0x00000000100001cc                isr_irq6
                0x00000000100001cc                isr_irq22
                0x00000000100001cc                isr_irq17
                0x00000000100001cc                isr_irq14
                0x00000000100001cc                isr_irq2
                0x00000000100001cc                isr_irq10
                0x00000000100001cc                isr_irq8
                0x00000000100001cc                isr_irq24
                0x00000000100001cc                isr_irq1
                0x00000000100001cc                isr_irq7
                0x00000000100001cc                isr_irq21
                0x00000000100001cc                isr_irq20
                0x00000000100001cc                isr_irq15
                0x00000000100001cc                isr_irq25
                0x00000000100001cc                isr_irq4
                0x00000000100001cc                isr_irq16
                0x00000000100001cc                isr_irq29
                0x00000000100001cc                isr_irq26
                0x00000000100001cc                __default_isrs_end
                0x00000000100001cc                isr_irq3
                0x00000000100001cc                isr_irq9
                0x00000000100001cc                __unhandled_user_irq
                0x00000000100001cc                isr_irq13
                0x00000000100001cc                isr_irq27
                0x00000000100001cc                isr_irq31
                0x00000000100001cc                isr_irq5
                0x00000000100001cc                isr_irq11
                0x00000000100001cc                isr_irq23
                0x00000000100001cc                isr_irq18
                0x00000000100001cc                isr_irq30
                0x00000000100001cc                isr_irq12
                0x00000000100001d2                unhandled_user_irq_num_in_r0
 *(.binary_info_header)
 .binary_info_header
                0x00000000100001d4       0x14 CMakeFiles/lwip_test.dir/Users/mikeyliang/Pico/pico-sdk/src/rp2_common/pico_standard_link/crt0.S.obj
                0x00000000100001e8                __binary_info_header_end = .
 *(.reset)
 .reset         0x00000000100001e8       0xa0 CMakeFiles/lwip_test.dir/Users/mikeyliang/Pico/pico-sdk/src/rp2_common/pico_standard_link/crt0.S.obj
                0x00000000100001e8                _entry_point
 .reset         0x0000000010000288       0x30 CMakeFiles/lwip_test.dir/Users/mikeyliang/Pico/pico-sdk/src/rp2_common/pico_standard_link/binary_info.c.obj
 *(.init)
 .init          0x00000000100002b8        0x4 /opt/homebrew/Cellar/arm-gcc-bin@8/8-2019-q3-update_2/bin/../lib/gcc/arm-none-eabi/8.3.1/thumb/v6-m/nofp/crti.o
                0x00000000100002b8                _init
 *(EXCLUDE_FILE(*libm.a: *libc.a:*lib_a-mem*.o *libgcc.a:) .text*)
 .text          0x00000000100002bc       0x48 /opt/homebrew/Cellar/arm-gcc-bin@8/8-2019-q3-update_2/bin/../lib/gcc/arm-none-eabi/8.3.1/thumb/v6-m/nofp/crtbegin.o
 .text.udpecho_raw_recv
                0x0000000010000304       0x38 CMakeFiles/lwip_test.dir/picow_udp_send_recv_data.c.obj
 .text.protothread_udp_recv
                0x000000001000033c      0x250 CMakeFiles/lwip_test.dir/picow_udp_send_recv_data.c.obj
 .text.protothread_toggle_cyw43
                0x000000001000058c       0x88 CMakeFiles/lwip_test.dir/picow_udp_send_recv_data.c.obj
 .text.protothread_udp_send
                0x0000000010000614      0x17c CMakeFiles/lwip_test.dir/picow_udp_send_recv_data.c.obj
 .text.pt_serialin_polled.isra.2.constprop.4
                0x0000000010000790      0x1ac CMakeFiles/lwip_test.dir/picow_udp_send_recv_data.c.obj
 .text.protothread_sched.isra.0.constprop.5
                0x000000001000093c       0x68 CMakeFiles/lwip_test.dir/picow_udp_send_recv_data.c.obj
 .text.protothread_sched1.isra.1.constprop.6
                0x00000000100009a4       0x68 CMakeFiles/lwip_test.dir/picow_udp_send_recv_data.c.obj
 .text.pt_serialout_polled
                0x0000000010000a0c       0x7c CMakeFiles/lwip_test.dir/picow_udp_send_recv_data.c.obj
                0x0000000010000a0c                pt_serialout_polled
 .text.protothread_serial
                0x0000000010000a88      0x378 CMakeFiles/lwip_test.dir/picow_udp_send_recv_data.c.obj
 .text.udpecho_raw_init
                0x0000000010000e00       0x70 CMakeFiles/lwip_test.dir/picow_udp_send_recv_data.c.obj
                0x0000000010000e00                udpecho_raw_init
 .text.startup.main
                0x0000000010000e70      0x194 CMakeFiles/lwip_test.dir/picow_udp_send_recv_data.c.obj
                0x0000000010000e70                main
 .text.lwip_timeout_reached
                0x0000000010001004        0x8 CMakeFiles/lwip_test.dir/Users/mikeyliang/Pico/pico-sdk/src/rp2_common/pico_lwip/lwip_nosys.c.obj
 .text.update_next_timeout
                0x000000001000100c       0x6c CMakeFiles/lwip_test.dir/Users/mikeyliang/Pico/pico-sdk/src/rp2_common/pico_lwip/lwip_nosys.c.obj
 .text.lwip_nosys_init
                0x0000000010001078       0x30 CMakeFiles/lwip_test.dir/Users/mikeyliang/Pico/pico-sdk/src/rp2_common/pico_lwip/lwip_nosys.c.obj
                0x0000000010001078                lwip_nosys_init
 .text.lwip_nosys_deinit
                0x00000000100010a8       0x20 CMakeFiles/lwip_test.dir/Users/mikeyliang/Pico/pico-sdk/src/rp2_common/pico_lwip/lwip_nosys.c.obj
                0x00000000100010a8                lwip_nosys_deinit
 .text.sys_arch_protect
                0x00000000100010c8        0x4 CMakeFiles/lwip_test.dir/Users/mikeyliang/Pico/pico-sdk/src/rp2_common/pico_lwip/lwip_nosys.c.obj
                0x00000000100010c8                sys_arch_protect
 .text.sys_arch_unprotect
                0x00000000100010cc        0x4 CMakeFiles/lwip_test.dir/Users/mikeyliang/Pico/pico-sdk/src/rp2_common/pico_lwip/lwip_nosys.c.obj
                0x00000000100010cc                sys_arch_unprotect
 .text.sys_now  0x00000000100010d0       0x20 CMakeFiles/lwip_test.dir/Users/mikeyliang/Pico/pico-sdk/src/rp2_common/pico_lwip/lwip_nosys.c.obj
                0x00000000100010d0                sys_now
 .text.async_context_base_add_at_time_worker
                0x00000000100010f0       0x28 CMakeFiles/lwip_test.dir/Users/mikeyliang/Pico/pico-sdk/src/rp2_common/pico_async_context/async_context_base.c.obj
                0x00000000100010f0                async_context_base_add_at_time_worker
 .text.async_context_base_remove_at_time_worker
                0x0000000010001118       0x28 CMakeFiles/lwip_test.dir/Users/mikeyliang/Pico/pico-sdk/src/rp2_common/pico_async_context/async_context_base.c.obj
                0x0000000010001118                async_context_base_remove_at_time_worker
 .text.async_context_base_add_when_pending_worker
                0x0000000010001140       0x24 CMakeFiles/lwip_test.dir/Users/mikeyliang/Pico/pico-sdk/src/rp2_common/pico_async_context/async_context_base.c.obj
                0x0000000010001140                async_context_base_add_when_pending_worker
 .text.async_context_base_remove_when_pending_worker
                0x0000000010001164       0x28 CMakeFiles/lwip_test.dir/Users/mikeyliang/Pico/pico-sdk/src/rp2_common/pico_async_context/async_context_base.c.obj
                0x0000000010001164                async_context_base_remove_when_pending_worker
 .text.async_context_base_execute_once
                0x000000001000118c       0xe0 CMakeFiles/lwip_test.dir/Users/mikeyliang/Pico/pico-sdk/src/rp2_common/pico_async_context/async_context_base.c.obj
                0x000000001000118c                async_context_base_execute_once
 .text.async_context_base_needs_servicing
                0x000000001000126c       0x58 CMakeFiles/lwip_test.dir/Users/mikeyliang/Pico/pico-sdk/src/rp2_common/pico_async_context/async_context_base.c.obj
                0x000000001000126c                async_context_base_needs_servicing
 .text.running_on_fpga
                0x00000000100012c4       0x10 CMakeFiles/lwip_test.dir/Users/mikeyliang/Pico/pico-sdk/src/rp2_common/pico_platform/platform.c.obj
                0x00000000100012c4                running_on_fpga
 .text.splitmix64
                0x00000000100012d4       0x58 CMakeFiles/lwip_test.dir/Users/mikeyliang/Pico/pico-sdk/src/rp2_common/pico_rand/rand.c.obj
 .text.xoroshiro128ss.isra.0
                0x000000001000132c       0xa4 CMakeFiles/lwip_test.dir/Users/mikeyliang/Pico/pico-sdk/src/rp2_common/pico_rand/rand.c.obj
 .text.get_rand_64
                0x00000000100013d0      0x464 CMakeFiles/lwip_test.dir/Users/mikeyliang/Pico/pico-sdk/src/rp2_common/pico_rand/rand.c.obj
                0x00000000100013d0                get_rand_64
 .text.get_rand_32
                0x0000000010001834        0x8 CMakeFiles/lwip_test.dir/Users/mikeyliang/Pico/pico-sdk/src/rp2_common/pico_rand/rand.c.obj
                0x0000000010001834                get_rand_32
 .text.startup._retrieve_unique_id_on_boot
                0x000000001000183c       0x10 CMakeFiles/lwip_test.dir/Users/mikeyliang/Pico/pico-sdk/src/rp2_common/pico_unique_id/unique_id.c.obj
 .text.pico_get_unique_board_id
                0x000000001000184c       0x10 CMakeFiles/lwip_test.dir/Users/mikeyliang/Pico/pico-sdk/src/rp2_common/pico_unique_id/unique_id.c.obj
                0x000000001000184c                pico_get_unique_board_id
 .text.flash_get_unique_id
                0x000000001000185c       0x3c CMakeFiles/lwip_test.dir/Users/mikeyliang/Pico/pico-sdk/src/rp2_common/hardware_flash/flash.c.obj
                0x000000001000185c                flash_get_unique_id
 .text.hw_claim_lock
                0x0000000010001898       0x18 CMakeFiles/lwip_test.dir/Users/mikeyliang/Pico/pico-sdk/src/rp2_common/hardware_claim/claim.c.obj
                0x0000000010001898                hw_claim_lock
 .text.hw_claim_unlock
                0x00000000100018b0       0x14 CMakeFiles/lwip_test.dir/Users/mikeyliang/Pico/pico-sdk/src/rp2_common/hardware_claim/claim.c.obj
                0x00000000100018b0                hw_claim_unlock
 .text.hw_claim_or_assert
                0x00000000100018c4       0x44 CMakeFiles/lwip_test.dir/Users/mikeyliang/Pico/pico-sdk/src/rp2_common/hardware_claim/claim.c.obj
                0x00000000100018c4                hw_claim_or_assert
 .text.hw_claim_unused_from_range
                0x0000000010001908       0x9c CMakeFiles/lwip_test.dir/Users/mikeyliang/Pico/pico-sdk/src/rp2_common/hardware_claim/claim.c.obj
                0x0000000010001908                hw_claim_unused_from_range
 .text.hw_claim_clear
                0x00000000100019a4       0x38 CMakeFiles/lwip_test.dir/Users/mikeyliang/Pico/pico-sdk/src/rp2_common/hardware_claim/claim.c.obj
                0x00000000100019a4                hw_claim_clear
 .text.spin_locks_reset
                0x00000000100019dc       0x1c CMakeFiles/lwip_test.dir/Users/mikeyliang/Pico/pico-sdk/src/rp2_common/hardware_sync/sync.c.obj
                0x00000000100019dc                spin_locks_reset
 .text.next_striped_spin_lock_num
                0x00000000100019f8       0x18 CMakeFiles/lwip_test.dir/Users/mikeyliang/Pico/pico-sdk/src/rp2_common/hardware_sync/sync.c.obj
                0x00000000100019f8                next_striped_spin_lock_num
 .text.rom_func_lookup
                0x0000000010001a10       0x10 CMakeFiles/lwip_test.dir/Users/mikeyliang/Pico/pico-sdk/src/rp2_common/pico_bootrom/bootrom.c.obj
                0x0000000010001a10                rom_func_lookup
 .text.rom_data_lookup
                0x0000000010001a20       0x10 CMakeFiles/lwip_test.dir/Users/mikeyliang/Pico/pico-sdk/src/rp2_common/pico_bootrom/bootrom.c.obj
                0x0000000010001a20                rom_data_lookup
 .text.rom_funcs_lookup
                0x0000000010001a30       0x3c CMakeFiles/lwip_test.dir/Users/mikeyliang/Pico/pico-sdk/src/rp2_common/pico_bootrom/bootrom.c.obj
                0x0000000010001a30                rom_funcs_lookup
 .text.clocks_init
                0x0000000010001a6c      0x2d4 CMakeFiles/lwip_test.dir/Users/mikeyliang/Pico/pico-sdk/src/rp2_common/hardware_clocks/clocks.c.obj
                0x0000000010001a6c                clocks_init
 .text.clock_get_hz
                0x0000000010001d40        0xc CMakeFiles/lwip_test.dir/Users/mikeyliang/Pico/pico-sdk/src/rp2_common/hardware_clocks/clocks.c.obj
                0x0000000010001d40                clock_get_hz
 .text.gpio_set_function
                0x0000000010001d4c       0x30 CMakeFiles/lwip_test.dir/Users/mikeyliang/Pico/pico-sdk/src/rp2_common/hardware_gpio/gpio.c.obj
                0x0000000010001d4c                gpio_set_function
 .text.gpio_set_pulls
                0x0000000010001d7c       0x30 CMakeFiles/lwip_test.dir/Users/mikeyliang/Pico/pico-sdk/src/rp2_common/hardware_gpio/gpio.c.obj
                0x0000000010001d7c                gpio_set_pulls
 .text.gpio_set_input_hysteresis_enabled
                0x0000000010001dac       0x28 CMakeFiles/lwip_test.dir/Users/mikeyliang/Pico/pico-sdk/src/rp2_common/hardware_gpio/gpio.c.obj
                0x0000000010001dac                gpio_set_input_hysteresis_enabled
 .text.gpio_set_irq_enabled
                0x0000000010001dd4       0x50 CMakeFiles/lwip_test.dir/Users/mikeyliang/Pico/pico-sdk/src/rp2_common/hardware_gpio/gpio.c.obj
                0x0000000010001dd4                gpio_set_irq_enabled
 .text.gpio_add_raw_irq_handler_with_order_priority_masked
                0x0000000010001e24       0x44 CMakeFiles/lwip_test.dir/Users/mikeyliang/Pico/pico-sdk/src/rp2_common/hardware_gpio/gpio.c.obj
                0x0000000010001e24                gpio_add_raw_irq_handler_with_order_priority_masked
 .text.gpio_remove_raw_irq_handler_masked
                0x0000000010001e68       0x20 CMakeFiles/lwip_test.dir/Users/mikeyliang/Pico/pico-sdk/src/rp2_common/hardware_gpio/gpio.c.obj
                0x0000000010001e68                gpio_remove_raw_irq_handler_masked
 .text.gpio_init
                0x0000000010001e88       0x3c CMakeFiles/lwip_test.dir/Users/mikeyliang/Pico/pico-sdk/src/rp2_common/hardware_gpio/gpio.c.obj
                0x0000000010001e88                gpio_init
 .text.irq_set_enabled
                0x0000000010001ec4       0x24 CMakeFiles/lwip_test.dir/Users/mikeyliang/Pico/pico-sdk/src/rp2_common/hardware_irq/irq.c.obj
                0x0000000010001ec4                irq_set_enabled
 .text.irq_set_pending
                0x0000000010001ee8       0x10 CMakeFiles/lwip_test.dir/Users/mikeyliang/Pico/pico-sdk/src/rp2_common/hardware_irq/irq.c.obj
                0x0000000010001ee8                irq_set_pending
 .text.irq_get_vtable_handler
                0x0000000010001ef8       0x10 CMakeFiles/lwip_test.dir/Users/mikeyliang/Pico/pico-sdk/src/rp2_common/hardware_irq/irq.c.obj
                0x0000000010001ef8                irq_get_vtable_handler
 .text.irq_set_exclusive_handler
                0x0000000010001f08       0x54 CMakeFiles/lwip_test.dir/Users/mikeyliang/Pico/pico-sdk/src/rp2_common/hardware_irq/irq.c.obj
                0x0000000010001f08                irq_set_exclusive_handler
 .text.irq_add_shared_handler
                0x0000000010001f5c      0x1c8 CMakeFiles/lwip_test.dir/Users/mikeyliang/Pico/pico-sdk/src/rp2_common/hardware_irq/irq.c.obj
                0x0000000010001f5c                irq_add_shared_handler
 .text.irq_remove_handler
                0x0000000010002124      0x1b0 CMakeFiles/lwip_test.dir/Users/mikeyliang/Pico/pico-sdk/src/rp2_common/hardware_irq/irq.c.obj
                0x0000000010002124                irq_remove_handler
 .text.irq_set_priority
                0x00000000100022d4       0x28 CMakeFiles/lwip_test.dir/Users/mikeyliang/Pico/pico-sdk/src/rp2_common/hardware_irq/irq.c.obj
                0x00000000100022d4                irq_set_priority
 .text.irq_add_tail_to_free_list
                0x00000000100022fc       0xb4 CMakeFiles/lwip_test.dir/Users/mikeyliang/Pico/pico-sdk/src/rp2_common/hardware_irq/irq.c.obj
                0x00000000100022fc                irq_add_tail_to_free_list
 .text.irq_init_priorities
                0x00000000100023b0       0x24 CMakeFiles/lwip_test.dir/Users/mikeyliang/Pico/pico-sdk/src/rp2_common/hardware_irq/irq.c.obj
                0x00000000100023b0                irq_init_priorities
 .text.user_irq_unclaim
                0x00000000100023d4       0x14 CMakeFiles/lwip_test.dir/Users/mikeyliang/Pico/pico-sdk/src/rp2_common/hardware_irq/irq.c.obj
                0x00000000100023d4                user_irq_unclaim
 .text.user_irq_claim_unused
                0x00000000100023e8       0x28 CMakeFiles/lwip_test.dir/Users/mikeyliang/Pico/pico-sdk/src/rp2_common/hardware_irq/irq.c.obj
                0x00000000100023e8                user_irq_claim_unused
 .text.sem_init
                0x0000000010002410       0x20 CMakeFiles/lwip_test.dir/Users/mikeyliang/Pico/pico-sdk/src/common/pico_sync/sem.c.obj
                0x0000000010002410                sem_init
 .text.lock_init
                0x0000000010002430       0x10 CMakeFiles/lwip_test.dir/Users/mikeyliang/Pico/pico-sdk/src/common/pico_sync/lock_core.c.obj
                0x0000000010002430                lock_init
 .text.mutex_init
                0x0000000010002440       0x1c CMakeFiles/lwip_test.dir/Users/mikeyliang/Pico/pico-sdk/src/common/pico_sync/mutex.c.obj
                0x0000000010002440                mutex_init
 .text.recursive_mutex_init
                0x000000001000245c       0x1c CMakeFiles/lwip_test.dir/Users/mikeyliang/Pico/pico-sdk/src/common/pico_sync/mutex.c.obj
                0x000000001000245c                recursive_mutex_init
 .text.ph_merge_nodes
                0x0000000010002478       0x5c CMakeFiles/lwip_test.dir/Users/mikeyliang/Pico/pico-sdk/src/common/pico_time/time.c.obj
 .text.timer_pool_entry_comparator
                0x00000000100024d4       0x34 CMakeFiles/lwip_test.dir/Users/mikeyliang/Pico/pico-sdk/src/common/pico_time/time.c.obj
                0x00000000100024d4                timer_pool_entry_comparator
 .text.sleep_until_callback
                0x0000000010002508       0x30 CMakeFiles/lwip_test.dir/Users/mikeyliang/Pico/pico-sdk/src/common/pico_time/time.c.obj
 .text.add_alarm_under_lock
                0x0000000010002538       0xbc CMakeFiles/lwip_test.dir/Users/mikeyliang/Pico/pico-sdk/src/common/pico_time/time.c.obj
 .text.alarm_pool_alarm_callback
                0x00000000100025f4      0x1c0 CMakeFiles/lwip_test.dir/Users/mikeyliang/Pico/pico-sdk/src/common/pico_time/time.c.obj
 .text.alarm_pool_init_default
                0x00000000100027b4       0x6c CMakeFiles/lwip_test.dir/Users/mikeyliang/Pico/pico-sdk/src/common/pico_time/time.c.obj
                0x00000000100027b4                alarm_pool_init_default
 .text.alarm_pool_get_default
                0x0000000010002820        0x8 CMakeFiles/lwip_test.dir/Users/mikeyliang/Pico/pico-sdk/src/common/pico_time/time.c.obj
                0x0000000010002820                alarm_pool_get_default
 .text.alarm_pool_create_with_unused_hardware_alarm
                0x0000000010002828       0x74 CMakeFiles/lwip_test.dir/Users/mikeyliang/Pico/pico-sdk/src/common/pico_time/time.c.obj
                0x0000000010002828                alarm_pool_create_with_unused_hardware_alarm
 .text.alarm_pool_destroy
                0x000000001000289c       0x44 CMakeFiles/lwip_test.dir/Users/mikeyliang/Pico/pico-sdk/src/common/pico_time/time.c.obj
                0x000000001000289c                alarm_pool_destroy
 .text.alarm_pool_add_alarm_at
                0x00000000100028e0      0x144 CMakeFiles/lwip_test.dir/Users/mikeyliang/Pico/pico-sdk/src/common/pico_time/time.c.obj
                0x00000000100028e0                alarm_pool_add_alarm_at
 .text.alarm_pool_add_alarm_at_force_in_context
                0x0000000010002a24       0xe4 CMakeFiles/lwip_test.dir/Users/mikeyliang/Pico/pico-sdk/src/common/pico_time/time.c.obj
                0x0000000010002a24                alarm_pool_add_alarm_at_force_in_context
 .text.alarm_pool_cancel_alarm
                0x0000000010002b08       0x74 CMakeFiles/lwip_test.dir/Users/mikeyliang/Pico/pico-sdk/src/common/pico_time/time.c.obj
                0x0000000010002b08                alarm_pool_cancel_alarm
 .text.alarm_pool_core_num
                0x0000000010002b7c        0x4 CMakeFiles/lwip_test.dir/Users/mikeyliang/Pico/pico-sdk/src/common/pico_time/time.c.obj
                0x0000000010002b7c                alarm_pool_core_num
 .text.sleep_until
                0x0000000010002b80       0xc4 CMakeFiles/lwip_test.dir/Users/mikeyliang/Pico/pico-sdk/src/common/pico_time/time.c.obj
                0x0000000010002b80                sleep_until
 .text.sleep_ms
                0x0000000010002c44       0x34 CMakeFiles/lwip_test.dir/Users/mikeyliang/Pico/pico-sdk/src/common/pico_time/time.c.obj
                0x0000000010002c44                sleep_ms
 .text.best_effort_wfe_or_timeout
                0x0000000010002c78       0xd0 CMakeFiles/lwip_test.dir/Users/mikeyliang/Pico/pico-sdk/src/common/pico_time/time.c.obj
                0x0000000010002c78                best_effort_wfe_or_timeout
 .text.hardware_alarm_irq_handler
                0x0000000010002d48       0xb4 CMakeFiles/lwip_test.dir/Users/mikeyliang/Pico/pico-sdk/src/rp2_common/hardware_timer/timer.c.obj
 .text.hardware_alarm_claim
                0x0000000010002dfc       0x18 CMakeFiles/lwip_test.dir/Users/mikeyliang/Pico/pico-sdk/src/rp2_common/hardware_timer/timer.c.obj
                0x0000000010002dfc                hardware_alarm_claim
 .text.hardware_alarm_unclaim
                0x0000000010002e14       0x10 CMakeFiles/lwip_test.dir/Users/mikeyliang/Pico/pico-sdk/src/rp2_common/hardware_timer/timer.c.obj
                0x0000000010002e14                hardware_alarm_unclaim
 .text.hardware_alarm_claim_unused
                0x0000000010002e24       0x20 CMakeFiles/lwip_test.dir/Users/mikeyliang/Pico/pico-sdk/src/rp2_common/hardware_timer/timer.c.obj
                0x0000000010002e24                hardware_alarm_claim_unused
 .text.time_us_64
                0x0000000010002e44       0x18 CMakeFiles/lwip_test.dir/Users/mikeyliang/Pico/pico-sdk/src/rp2_common/hardware_timer/timer.c.obj
                0x0000000010002e44                time_us_64
 .text.busy_wait_us
                0x0000000010002e5c       0x60 CMakeFiles/lwip_test.dir/Users/mikeyliang/Pico/pico-sdk/src/rp2_common/hardware_timer/timer.c.obj
                0x0000000010002e5c                busy_wait_us
 .text.busy_wait_until
                0x0000000010002ebc       0x20 CMakeFiles/lwip_test.dir/Users/mikeyliang/Pico/pico-sdk/src/rp2_common/hardware_timer/timer.c.obj
                0x0000000010002ebc                busy_wait_until
 .text.hardware_alarm_set_callback
                0x0000000010002edc       0x8c CMakeFiles/lwip_test.dir/Users/mikeyliang/Pico/pico-sdk/src/rp2_common/hardware_timer/timer.c.obj
                0x0000000010002edc                hardware_alarm_set_callback
 .text.hardware_alarm_set_target
                0x0000000010002f68       0xd8 CMakeFiles/lwip_test.dir/Users/mikeyliang/Pico/pico-sdk/src/rp2_common/hardware_timer/timer.c.obj
                0x0000000010002f68                hardware_alarm_set_target
 .text.hardware_alarm_cancel
                0x0000000010003040       0x40 CMakeFiles/lwip_test.dir/Users/mikeyliang/Pico/pico-sdk/src/rp2_common/hardware_timer/timer.c.obj
                0x0000000010003040                hardware_alarm_cancel
 .text.hardware_alarm_force_irq
                0x0000000010003080       0x40 CMakeFiles/lwip_test.dir/Users/mikeyliang/Pico/pico-sdk/src/rp2_common/hardware_timer/timer.c.obj
                0x0000000010003080                hardware_alarm_force_irq
 .text.ph_merge_nodes
                0x00000000100030c0       0x5c CMakeFiles/lwip_test.dir/Users/mikeyliang/Pico/pico-sdk/src/common/pico_util/pheap.c.obj
 .text.ph_create
                0x000000001000311c      0x1cc CMakeFiles/lwip_test.dir/Users/mikeyliang/Pico/pico-sdk/src/common/pico_util/pheap.c.obj
                0x000000001000311c                ph_create
 .text.ph_post_alloc_init
                0x00000000100032e8      0x1b8 CMakeFiles/lwip_test.dir/Users/mikeyliang/Pico/pico-sdk/src/common/pico_util/pheap.c.obj
                0x00000000100032e8                ph_post_alloc_init
 .text.ph_destroy
                0x00000000100034a0       0x14 CMakeFiles/lwip_test.dir/Users/mikeyliang/Pico/pico-sdk/src/common/pico_util/pheap.c.obj
                0x00000000100034a0                ph_destroy
 .text.ph_merge_two_pass
                0x00000000100034b4       0x4c CMakeFiles/lwip_test.dir/Users/mikeyliang/Pico/pico-sdk/src/common/pico_util/pheap.c.obj
                0x00000000100034b4                ph_merge_two_pass
 .text.ph_remove_any_head
                0x0000000010003500      0x1c0 CMakeFiles/lwip_test.dir/Users/mikeyliang/Pico/pico-sdk/src/common/pico_util/pheap.c.obj
 .text.ph_remove_head
                0x00000000100036c0      0x1c4 CMakeFiles/lwip_test.dir/Users/mikeyliang/Pico/pico-sdk/src/common/pico_util/pheap.c.obj
                0x00000000100036c0                ph_remove_head
 .text.ph_remove_and_free_node
                0x0000000010003884       0x7c CMakeFiles/lwip_test.dir/Users/mikeyliang/Pico/pico-sdk/src/common/pico_util/pheap.c.obj
                0x0000000010003884                ph_remove_and_free_node
 .text.pll_init
                0x0000000010003900       0xa0 CMakeFiles/lwip_test.dir/Users/mikeyliang/Pico/pico-sdk/src/rp2_common/hardware_pll/pll.c.obj
                0x0000000010003900                pll_init
 .text.watchdog_start_tick
                0x00000000100039a0       0x10 CMakeFiles/lwip_test.dir/Users/mikeyliang/Pico/pico-sdk/src/rp2_common/hardware_watchdog/watchdog.c.obj
                0x00000000100039a0                watchdog_start_tick
 .text.xosc_init
                0x00000000100039b0       0x28 CMakeFiles/lwip_test.dir/Users/mikeyliang/Pico/pico-sdk/src/rp2_common/hardware_xosc/xosc.c.obj
                0x00000000100039b0                xosc_init
 .text.lwip_init
                0x00000000100039d8       0x24 CMakeFiles/lwip_test.dir/Users/mikeyliang/Pico/pico-sdk/lib/lwip/src/core/init.c.obj
                0x00000000100039d8                lwip_init
 .text.lwip_htons
                0x00000000100039fc        0x8 CMakeFiles/lwip_test.dir/Users/mikeyliang/Pico/pico-sdk/lib/lwip/src/core/def.c.obj
                0x00000000100039fc                lwip_htons
 .text.lwip_htonl
                0x0000000010003a04        0x4 CMakeFiles/lwip_test.dir/Users/mikeyliang/Pico/pico-sdk/lib/lwip/src/core/def.c.obj
                0x0000000010003a04                lwip_htonl
 .text.dns_call_found
                0x0000000010003a08      0x134 CMakeFiles/lwip_test.dir/Users/mikeyliang/Pico/pico-sdk/lib/lwip/src/core/dns.c.obj
 .text.dns_send
                0x0000000010003b3c      0x190 CMakeFiles/lwip_test.dir/Users/mikeyliang/Pico/pico-sdk/lib/lwip/src/core/dns.c.obj
 .text.dns_init
                0x0000000010003ccc        0x4 CMakeFiles/lwip_test.dir/Users/mikeyliang/Pico/pico-sdk/lib/lwip/src/core/dns.c.obj
                0x0000000010003ccc                dns_init
 .text.dns_setserver
                0x0000000010003cd0       0x2c CMakeFiles/lwip_test.dir/Users/mikeyliang/Pico/pico-sdk/lib/lwip/src/core/dns.c.obj
                0x0000000010003cd0                dns_setserver
 .text.dns_tmr  0x0000000010003cfc      0x160 CMakeFiles/lwip_test.dir/Users/mikeyliang/Pico/pico-sdk/lib/lwip/src/core/dns.c.obj
                0x0000000010003cfc                dns_tmr
 .text.inet_chksum_pseudo
                0x0000000010003e5c      0x1c4 CMakeFiles/lwip_test.dir/Users/mikeyliang/Pico/pico-sdk/lib/lwip/src/core/inet_chksum.c.obj
                0x0000000010003e5c                inet_chksum_pseudo
 .text.ip_chksum_pseudo
                0x0000000010004020       0x10 CMakeFiles/lwip_test.dir/Users/mikeyliang/Pico/pico-sdk/lib/lwip/src/core/inet_chksum.c.obj
                0x0000000010004020                ip_chksum_pseudo
 .text.inet_chksum
                0x0000000010004030       0xdc CMakeFiles/lwip_test.dir/Users/mikeyliang/Pico/pico-sdk/lib/lwip/src/core/inet_chksum.c.obj
                0x0000000010004030                inet_chksum
 .text.inet_chksum_pbuf
                0x000000001000410c      0x174 CMakeFiles/lwip_test.dir/Users/mikeyliang/Pico/pico-sdk/lib/lwip/src/core/inet_chksum.c.obj
                0x000000001000410c                inet_chksum_pbuf
 .text.mem_init
                0x0000000010004280       0x40 CMakeFiles/lwip_test.dir/Users/mikeyliang/Pico/pico-sdk/lib/lwip/src/core/mem.c.obj
                0x0000000010004280                mem_init
 .text.mem_free
                0x00000000100042c0      0x118 CMakeFiles/lwip_test.dir/Users/mikeyliang/Pico/pico-sdk/lib/lwip/src/core/mem.c.obj
                0x00000000100042c0                mem_free
 .text.mem_trim
                0x00000000100043d8       0xf8 CMakeFiles/lwip_test.dir/Users/mikeyliang/Pico/pico-sdk/lib/lwip/src/core/mem.c.obj
                0x00000000100043d8                mem_trim
 .text.mem_malloc
                0x00000000100044d0      0x11c CMakeFiles/lwip_test.dir/Users/mikeyliang/Pico/pico-sdk/lib/lwip/src/core/mem.c.obj
                0x00000000100044d0                mem_malloc
 .text.memp_init
                0x00000000100045ec       0x6c CMakeFiles/lwip_test.dir/Users/mikeyliang/Pico/pico-sdk/lib/lwip/src/core/memp.c.obj
                0x00000000100045ec                memp_init
 .text.memp_malloc
                0x0000000010004658       0x3c CMakeFiles/lwip_test.dir/Users/mikeyliang/Pico/pico-sdk/lib/lwip/src/core/memp.c.obj
                0x0000000010004658                memp_malloc
 .text.memp_free
                0x0000000010004694       0x38 CMakeFiles/lwip_test.dir/Users/mikeyliang/Pico/pico-sdk/lib/lwip/src/core/memp.c.obj
                0x0000000010004694                memp_free
 .text.netif_null_output_ip4
                0x00000000100046cc        0x8 CMakeFiles/lwip_test.dir/Users/mikeyliang/Pico/pico-sdk/lib/lwip/src/core/netif.c.obj
 .text.netif_do_set_ipaddr
                0x00000000100046d4       0x74 CMakeFiles/lwip_test.dir/Users/mikeyliang/Pico/pico-sdk/lib/lwip/src/core/netif.c.obj
 .text.netif_init
                0x0000000010004748        0x4 CMakeFiles/lwip_test.dir/Users/mikeyliang/Pico/pico-sdk/lib/lwip/src/core/netif.c.obj
                0x0000000010004748                netif_init
 .text.netif_add
                0x000000001000474c      0x14c CMakeFiles/lwip_test.dir/Users/mikeyliang/Pico/pico-sdk/lib/lwip/src/core/netif.c.obj
                0x000000001000474c                netif_add
 .text.netif_set_addr
                0x0000000010004898       0xb8 CMakeFiles/lwip_test.dir/Users/mikeyliang/Pico/pico-sdk/lib/lwip/src/core/netif.c.obj
                0x0000000010004898                netif_set_addr
 .text.netif_remove
                0x0000000010004950       0xa8 CMakeFiles/lwip_test.dir/Users/mikeyliang/Pico/pico-sdk/lib/lwip/src/core/netif.c.obj
                0x0000000010004950                netif_remove
 .text.netif_set_default
                0x00000000100049f8        0xc CMakeFiles/lwip_test.dir/Users/mikeyliang/Pico/pico-sdk/lib/lwip/src/core/netif.c.obj
                0x00000000100049f8                netif_set_default
 .text.netif_set_up
                0x0000000010004a04       0x3c CMakeFiles/lwip_test.dir/Users/mikeyliang/Pico/pico-sdk/lib/lwip/src/core/netif.c.obj
                0x0000000010004a04                netif_set_up
 .text.netif_set_link_up
                0x0000000010004a40       0x44 CMakeFiles/lwip_test.dir/Users/mikeyliang/Pico/pico-sdk/lib/lwip/src/core/netif.c.obj
                0x0000000010004a40                netif_set_link_up
 .text.netif_set_link_down
                0x0000000010004a84       0x20 CMakeFiles/lwip_test.dir/Users/mikeyliang/Pico/pico-sdk/lib/lwip/src/core/netif.c.obj
                0x0000000010004a84                netif_set_link_down
 .text.netif_get_by_index
                0x0000000010004aa4       0x38 CMakeFiles/lwip_test.dir/Users/mikeyliang/Pico/pico-sdk/lib/lwip/src/core/netif.c.obj
                0x0000000010004aa4                netif_get_by_index
 .text.pbuf_free.part.3
                0x0000000010004adc       0x78 CMakeFiles/lwip_test.dir/Users/mikeyliang/Pico/pico-sdk/lib/lwip/src/core/pbuf.c.obj
 .text.pbuf_free_ooseq
                0x0000000010004b54       0x34 CMakeFiles/lwip_test.dir/Users/mikeyliang/Pico/pico-sdk/lib/lwip/src/core/pbuf.c.obj
                0x0000000010004b54                pbuf_free_ooseq
 .text.pbuf_alloc
                0x0000000010004b88      0x140 CMakeFiles/lwip_test.dir/Users/mikeyliang/Pico/pico-sdk/lib/lwip/src/core/pbuf.c.obj
                0x0000000010004b88                pbuf_alloc
 .text.pbuf_realloc
                0x0000000010004cc8       0x88 CMakeFiles/lwip_test.dir/Users/mikeyliang/Pico/pico-sdk/lib/lwip/src/core/pbuf.c.obj
                0x0000000010004cc8                pbuf_realloc
 .text.pbuf_add_header
                0x0000000010004d50       0x58 CMakeFiles/lwip_test.dir/Users/mikeyliang/Pico/pico-sdk/lib/lwip/src/core/pbuf.c.obj
                0x0000000010004d50                pbuf_add_header
 .text.pbuf_remove_header
                0x0000000010004da8       0x44 CMakeFiles/lwip_test.dir/Users/mikeyliang/Pico/pico-sdk/lib/lwip/src/core/pbuf.c.obj
                0x0000000010004da8                pbuf_remove_header
 .text.pbuf_header_force
                0x0000000010004dec       0x70 CMakeFiles/lwip_test.dir/Users/mikeyliang/Pico/pico-sdk/lib/lwip/src/core/pbuf.c.obj
                0x0000000010004dec                pbuf_header_force
 .text.pbuf_free
                0x0000000010004e5c       0x18 CMakeFiles/lwip_test.dir/Users/mikeyliang/Pico/pico-sdk/lib/lwip/src/core/pbuf.c.obj
                0x0000000010004e5c                pbuf_free
 .text.pbuf_clen
                0x0000000010004e74       0x14 CMakeFiles/lwip_test.dir/Users/mikeyliang/Pico/pico-sdk/lib/lwip/src/core/pbuf.c.obj
                0x0000000010004e74                pbuf_clen
 .text.pbuf_ref
                0x0000000010004e88       0x28 CMakeFiles/lwip_test.dir/Users/mikeyliang/Pico/pico-sdk/lib/lwip/src/core/pbuf.c.obj
                0x0000000010004e88                pbuf_ref
 .text.pbuf_cat
                0x0000000010004eb0       0x44 CMakeFiles/lwip_test.dir/Users/mikeyliang/Pico/pico-sdk/lib/lwip/src/core/pbuf.c.obj
                0x0000000010004eb0                pbuf_cat
 .text.pbuf_chain
                0x0000000010004ef4       0x6c CMakeFiles/lwip_test.dir/Users/mikeyliang/Pico/pico-sdk/lib/lwip/src/core/pbuf.c.obj
                0x0000000010004ef4                pbuf_chain
 .text.pbuf_copy_partial_pbuf
                0x0000000010004f60      0x128 CMakeFiles/lwip_test.dir/Users/mikeyliang/Pico/pico-sdk/lib/lwip/src/core/pbuf.c.obj
                0x0000000010004f60                pbuf_copy_partial_pbuf
 .text.pbuf_copy
                0x0000000010005088       0x18 CMakeFiles/lwip_test.dir/Users/mikeyliang/Pico/pico-sdk/lib/lwip/src/core/pbuf.c.obj
                0x0000000010005088                pbuf_copy
 .text.pbuf_copy_partial
                0x00000000100050a0       0x70 CMakeFiles/lwip_test.dir/Users/mikeyliang/Pico/pico-sdk/lib/lwip/src/core/pbuf.c.obj
                0x00000000100050a0                pbuf_copy_partial
 .text.pbuf_take
                0x0000000010005110       0x78 CMakeFiles/lwip_test.dir/Users/mikeyliang/Pico/pico-sdk/lib/lwip/src/core/pbuf.c.obj
                0x0000000010005110                pbuf_take
 .text.pbuf_take_at
                0x0000000010005188       0xbc CMakeFiles/lwip_test.dir/Users/mikeyliang/Pico/pico-sdk/lib/lwip/src/core/pbuf.c.obj
                0x0000000010005188                pbuf_take_at
 .text.pbuf_clone
                0x0000000010005244       0x30 CMakeFiles/lwip_test.dir/Users/mikeyliang/Pico/pico-sdk/lib/lwip/src/core/pbuf.c.obj
                0x0000000010005244                pbuf_clone
 .text.pbuf_put_at
                0x0000000010005274       0x1c CMakeFiles/lwip_test.dir/Users/mikeyliang/Pico/pico-sdk/lib/lwip/src/core/pbuf.c.obj
                0x0000000010005274                pbuf_put_at
 .text.raw_input
                0x0000000010005290      0x15c CMakeFiles/lwip_test.dir/Users/mikeyliang/Pico/pico-sdk/lib/lwip/src/core/raw.c.obj
                0x0000000010005290                raw_input
 .text.raw_netif_ip_addr_changed
                0x00000000100053ec       0x40 CMakeFiles/lwip_test.dir/Users/mikeyliang/Pico/pico-sdk/lib/lwip/src/core/raw.c.obj
                0x00000000100053ec                raw_netif_ip_addr_changed
 .text.stats_init
                0x000000001000542c        0x4 CMakeFiles/lwip_test.dir/Users/mikeyliang/Pico/pico-sdk/lib/lwip/src/core/stats.c.obj
                0x000000001000542c                stats_init
 .text.tcp_close_shutdown_fin
                0x0000000010005430       0x58 CMakeFiles/lwip_test.dir/Users/mikeyliang/Pico/pico-sdk/lib/lwip/src/core/tcp.c.obj
 .text.tcp_init
                0x0000000010005488       0x20 CMakeFiles/lwip_test.dir/Users/mikeyliang/Pico/pico-sdk/lib/lwip/src/core/tcp.c.obj
                0x0000000010005488                tcp_init
 .text.tcp_free
                0x00000000100054a8       0x1c CMakeFiles/lwip_test.dir/Users/mikeyliang/Pico/pico-sdk/lib/lwip/src/core/tcp.c.obj
                0x00000000100054a8                tcp_free
 .text.tcp_update_rcv_ann_wnd
                0x00000000100054c4       0x60 CMakeFiles/lwip_test.dir/Users/mikeyliang/Pico/pico-sdk/lib/lwip/src/core/tcp.c.obj
                0x00000000100054c4                tcp_update_rcv_ann_wnd
 .text.tcp_recved
                0x0000000010005524       0x98 CMakeFiles/lwip_test.dir/Users/mikeyliang/Pico/pico-sdk/lib/lwip/src/core/tcp.c.obj
                0x0000000010005524                tcp_recved
 .text.tcp_segs_free
                0x00000000100055bc       0x38 CMakeFiles/lwip_test.dir/Users/mikeyliang/Pico/pico-sdk/lib/lwip/src/core/tcp.c.obj
                0x00000000100055bc                tcp_segs_free
 .text.tcp_seg_free
                0x00000000100055f4       0x1c CMakeFiles/lwip_test.dir/Users/mikeyliang/Pico/pico-sdk/lib/lwip/src/core/tcp.c.obj
                0x00000000100055f4                tcp_seg_free
 .text.tcp_seg_copy
                0x0000000010005610       0x2c CMakeFiles/lwip_test.dir/Users/mikeyliang/Pico/pico-sdk/lib/lwip/src/core/tcp.c.obj
                0x0000000010005610                tcp_seg_copy
 .text.tcp_pcb_purge
                0x000000001000563c       0xd0 CMakeFiles/lwip_test.dir/Users/mikeyliang/Pico/pico-sdk/lib/lwip/src/core/tcp.c.obj
                0x000000001000563c                tcp_pcb_purge
 .text.tcp_slowtmr
                0x000000001000570c      0x4d0 CMakeFiles/lwip_test.dir/Users/mikeyliang/Pico/pico-sdk/lib/lwip/src/core/tcp.c.obj
                0x000000001000570c                tcp_slowtmr
 .text.tcp_pcb_remove
                0x0000000010005bdc       0xbc CMakeFiles/lwip_test.dir/Users/mikeyliang/Pico/pico-sdk/lib/lwip/src/core/tcp.c.obj
                0x0000000010005bdc                tcp_pcb_remove
 .text.tcp_abandon
                0x0000000010005c98      0x1ac CMakeFiles/lwip_test.dir/Users/mikeyliang/Pico/pico-sdk/lib/lwip/src/core/tcp.c.obj
                0x0000000010005c98                tcp_abandon
 .text.tcp_abort
                0x0000000010005e44        0xc CMakeFiles/lwip_test.dir/Users/mikeyliang/Pico/pico-sdk/lib/lwip/src/core/tcp.c.obj
                0x0000000010005e44                tcp_abort
 .text.tcp_alloc
                0x0000000010005e50      0x1d0 CMakeFiles/lwip_test.dir/Users/mikeyliang/Pico/pico-sdk/lib/lwip/src/core/tcp.c.obj
                0x0000000010005e50                tcp_alloc
 .text.tcp_close_shutdown
                0x0000000010006020      0x1b0 CMakeFiles/lwip_test.dir/Users/mikeyliang/Pico/pico-sdk/lib/lwip/src/core/tcp.c.obj
 .text.tcp_recv_null
                0x00000000100061d0       0xd4 CMakeFiles/lwip_test.dir/Users/mikeyliang/Pico/pico-sdk/lib/lwip/src/core/tcp.c.obj
                0x00000000100061d0                tcp_recv_null
 .text.tcp_fasttmr
                0x00000000100062a4       0xfc CMakeFiles/lwip_test.dir/Users/mikeyliang/Pico/pico-sdk/lib/lwip/src/core/tcp.c.obj
                0x00000000100062a4                tcp_fasttmr
 .text.tcp_tmr  0x00000000100063a0       0x20 CMakeFiles/lwip_test.dir/Users/mikeyliang/Pico/pico-sdk/lib/lwip/src/core/tcp.c.obj
                0x00000000100063a0                tcp_tmr
 .text.tcp_process_refused_data
                0x00000000100063c0       0x78 CMakeFiles/lwip_test.dir/Users/mikeyliang/Pico/pico-sdk/lib/lwip/src/core/tcp.c.obj
                0x00000000100063c0                tcp_process_refused_data
 .text.tcp_next_iss
                0x0000000010006438       0x28 CMakeFiles/lwip_test.dir/Users/mikeyliang/Pico/pico-sdk/lib/lwip/src/core/tcp.c.obj
                0x0000000010006438                tcp_next_iss
 .text.tcp_eff_send_mss_netif
                0x0000000010006460       0x38 CMakeFiles/lwip_test.dir/Users/mikeyliang/Pico/pico-sdk/lib/lwip/src/core/tcp.c.obj
                0x0000000010006460                tcp_eff_send_mss_netif
 .text.tcp_netif_ip_addr_changed
                0x0000000010006498       0x98 CMakeFiles/lwip_test.dir/Users/mikeyliang/Pico/pico-sdk/lib/lwip/src/core/tcp.c.obj
                0x0000000010006498                tcp_netif_ip_addr_changed
 .text.tcp_free_ooseq
                0x0000000010006530       0x40 CMakeFiles/lwip_test.dir/Users/mikeyliang/Pico/pico-sdk/lib/lwip/src/core/tcp.c.obj
                0x0000000010006530                tcp_free_ooseq
 .text.tcp_parseopt
                0x0000000010006570      0x1b4 CMakeFiles/lwip_test.dir/Users/mikeyliang/Pico/pico-sdk/lib/lwip/src/core/tcp_in.c.obj
 .text.tcp_oos_insert_segment
                0x0000000010006724       0xcc CMakeFiles/lwip_test.dir/Users/mikeyliang/Pico/pico-sdk/lib/lwip/src/core/tcp_in.c.obj
 .text.tcp_free_acked_segments.isra.1
                0x00000000100067f0       0xd4 CMakeFiles/lwip_test.dir/Users/mikeyliang/Pico/pico-sdk/lib/lwip/src/core/tcp_in.c.obj
 .text.tcp_receive
                0x00000000100068c4      0xa5c CMakeFiles/lwip_test.dir/Users/mikeyliang/Pico/pico-sdk/lib/lwip/src/core/tcp_in.c.obj
 .text.tcp_input
                0x0000000010007320      0xd80 CMakeFiles/lwip_test.dir/Users/mikeyliang/Pico/pico-sdk/lib/lwip/src/core/tcp_in.c.obj
                0x0000000010007320                tcp_input
 .text.tcp_trigger_input_pcb_close
                0x00000000100080a0       0x10 CMakeFiles/lwip_test.dir/Users/mikeyliang/Pico/pico-sdk/lib/lwip/src/core/tcp_in.c.obj
                0x00000000100080a0                tcp_trigger_input_pcb_close
 .text.tcp_create_segment
                0x00000000100080b0       0xf8 CMakeFiles/lwip_test.dir/Users/mikeyliang/Pico/pico-sdk/lib/lwip/src/core/tcp_out.c.obj
 .text.tcp_output_control_segment
                0x00000000100081a8       0xc0 CMakeFiles/lwip_test.dir/Users/mikeyliang/Pico/pico-sdk/lib/lwip/src/core/tcp_out.c.obj
 .text.tcp_output_alloc_header.constprop.5
                0x0000000010008268       0xcc CMakeFiles/lwip_test.dir/Users/mikeyliang/Pico/pico-sdk/lib/lwip/src/core/tcp_out.c.obj
 .text.tcp_split_unsent_seg
                0x0000000010008334      0x1d0 CMakeFiles/lwip_test.dir/Users/mikeyliang/Pico/pico-sdk/lib/lwip/src/core/tcp_out.c.obj
                0x0000000010008334                tcp_split_unsent_seg
 .text.tcp_send_fin
                0x0000000010008504      0x11c CMakeFiles/lwip_test.dir/Users/mikeyliang/Pico/pico-sdk/lib/lwip/src/core/tcp_out.c.obj
                0x0000000010008504                tcp_send_fin
 .text.tcp_enqueue_flags
                0x0000000010008620      0x124 CMakeFiles/lwip_test.dir/Users/mikeyliang/Pico/pico-sdk/lib/lwip/src/core/tcp_out.c.obj
                0x0000000010008620                tcp_enqueue_flags
 .text.tcp_rexmit_rto_prepare
                0x0000000010008744       0x9c CMakeFiles/lwip_test.dir/Users/mikeyliang/Pico/pico-sdk/lib/lwip/src/core/tcp_out.c.obj
                0x0000000010008744                tcp_rexmit_rto_prepare
 .text.tcp_rexmit
                0x00000000100087e0       0x9c CMakeFiles/lwip_test.dir/Users/mikeyliang/Pico/pico-sdk/lib/lwip/src/core/tcp_out.c.obj
                0x00000000100087e0                tcp_rexmit
 .text.tcp_rexmit_fast
                0x000000001000887c       0x64 CMakeFiles/lwip_test.dir/Users/mikeyliang/Pico/pico-sdk/lib/lwip/src/core/tcp_out.c.obj
                0x000000001000887c                tcp_rexmit_fast
 .text.tcp_rst  0x00000000100088e0       0xe8 CMakeFiles/lwip_test.dir/Users/mikeyliang/Pico/pico-sdk/lib/lwip/src/core/tcp_out.c.obj
                0x00000000100088e0                tcp_rst
 .text.tcp_rst_netif
                0x00000000100089c8      0x124 CMakeFiles/lwip_test.dir/Users/mikeyliang/Pico/pico-sdk/lib/lwip/src/core/tcp_out.c.obj
                0x00000000100089c8                tcp_rst_netif
 .text.tcp_send_empty_ack
                0x0000000010008aec       0x54 CMakeFiles/lwip_test.dir/Users/mikeyliang/Pico/pico-sdk/lib/lwip/src/core/tcp_out.c.obj
                0x0000000010008aec                tcp_send_empty_ack
 .text.tcp_output
                0x0000000010008b40      0x474 CMakeFiles/lwip_test.dir/Users/mikeyliang/Pico/pico-sdk/lib/lwip/src/core/tcp_out.c.obj
                0x0000000010008b40                tcp_output
 .text.tcp_rexmit_rto_commit
                0x0000000010008fb4       0x24 CMakeFiles/lwip_test.dir/Users/mikeyliang/Pico/pico-sdk/lib/lwip/src/core/tcp_out.c.obj
                0x0000000010008fb4                tcp_rexmit_rto_commit
 .text.tcp_rexmit_rto
                0x0000000010008fd8       0x9c CMakeFiles/lwip_test.dir/Users/mikeyliang/Pico/pico-sdk/lib/lwip/src/core/tcp_out.c.obj
                0x0000000010008fd8                tcp_rexmit_rto
 .text.tcp_keepalive
                0x0000000010009074       0x3c CMakeFiles/lwip_test.dir/Users/mikeyliang/Pico/pico-sdk/lib/lwip/src/core/tcp_out.c.obj
                0x0000000010009074                tcp_keepalive
 .text.tcp_zero_window_probe
                0x00000000100090b0      0x108 CMakeFiles/lwip_test.dir/Users/mikeyliang/Pico/pico-sdk/lib/lwip/src/core/tcp_out.c.obj
                0x00000000100090b0                tcp_zero_window_probe
 .text.sys_timeout_abs
                0x00000000100091b8       0x54 CMakeFiles/lwip_test.dir/Users/mikeyliang/Pico/pico-sdk/lib/lwip/src/core/timeouts.c.obj
 .text.lwip_cyclic_timer
                0x000000001000920c       0x38 CMakeFiles/lwip_test.dir/Users/mikeyliang/Pico/pico-sdk/lib/lwip/src/core/timeouts.c.obj
 .text.tcpip_tcp_timer
                0x0000000010009244       0x80 CMakeFiles/lwip_test.dir/Users/mikeyliang/Pico/pico-sdk/lib/lwip/src/core/timeouts.c.obj
 .text.tcp_timer_needed
                0x00000000100092c4       0x84 CMakeFiles/lwip_test.dir/Users/mikeyliang/Pico/pico-sdk/lib/lwip/src/core/timeouts.c.obj
                0x00000000100092c4                tcp_timer_needed
 .text.sys_timeouts_init
                0x0000000010009348       0x94 CMakeFiles/lwip_test.dir/Users/mikeyliang/Pico/pico-sdk/lib/lwip/src/core/timeouts.c.obj
                0x0000000010009348                sys_timeouts_init
 .text.sys_check_timeouts
                0x00000000100093dc       0x68 CMakeFiles/lwip_test.dir/Users/mikeyliang/Pico/pico-sdk/lib/lwip/src/core/timeouts.c.obj
                0x00000000100093dc                sys_check_timeouts
 .text.sys_timeouts_sleeptime
                0x0000000010009444       0x28 CMakeFiles/lwip_test.dir/Users/mikeyliang/Pico/pico-sdk/lib/lwip/src/core/timeouts.c.obj
                0x0000000010009444                sys_timeouts_sleeptime
 .text.udp_init
                0x000000001000946c       0x20 CMakeFiles/lwip_test.dir/Users/mikeyliang/Pico/pico-sdk/lib/lwip/src/core/udp.c.obj
                0x000000001000946c                udp_init
 .text.udp_input
                0x000000001000948c      0x254 CMakeFiles/lwip_test.dir/Users/mikeyliang/Pico/pico-sdk/lib/lwip/src/core/udp.c.obj
                0x000000001000948c                udp_input
 .text.udp_bind
                0x00000000100096e0      0x10c CMakeFiles/lwip_test.dir/Users/mikeyliang/Pico/pico-sdk/lib/lwip/src/core/udp.c.obj
                0x00000000100096e0                udp_bind
 .text.udp_sendto_if_src
                0x00000000100097ec      0x130 CMakeFiles/lwip_test.dir/Users/mikeyliang/Pico/pico-sdk/lib/lwip/src/core/udp.c.obj
                0x00000000100097ec                udp_sendto_if_src
 .text.udp_sendto_if
                0x000000001000991c       0x48 CMakeFiles/lwip_test.dir/Users/mikeyliang/Pico/pico-sdk/lib/lwip/src/core/udp.c.obj
                0x000000001000991c                udp_sendto_if
 .text.udp_sendto
                0x0000000010009964       0x7c CMakeFiles/lwip_test.dir/Users/mikeyliang/Pico/pico-sdk/lib/lwip/src/core/udp.c.obj
                0x0000000010009964                udp_sendto
 .text.udp_connect
                0x00000000100099e0       0xfc CMakeFiles/lwip_test.dir/Users/mikeyliang/Pico/pico-sdk/lib/lwip/src/core/udp.c.obj
                0x00000000100099e0                udp_connect
 .text.udp_recv
                0x0000000010009adc        0xc CMakeFiles/lwip_test.dir/Users/mikeyliang/Pico/pico-sdk/lib/lwip/src/core/udp.c.obj
                0x0000000010009adc                udp_recv
 .text.udp_remove
                0x0000000010009ae8       0x48 CMakeFiles/lwip_test.dir/Users/mikeyliang/Pico/pico-sdk/lib/lwip/src/core/udp.c.obj
                0x0000000010009ae8                udp_remove
 .text.udp_new  0x0000000010009b30       0x1c CMakeFiles/lwip_test.dir/Users/mikeyliang/Pico/pico-sdk/lib/lwip/src/core/udp.c.obj
                0x0000000010009b30                udp_new
 .text.udp_new_ip_type
                0x0000000010009b4c       0x1c CMakeFiles/lwip_test.dir/Users/mikeyliang/Pico/pico-sdk/lib/lwip/src/core/udp.c.obj
                0x0000000010009b4c                udp_new_ip_type
 .text.udp_netif_ip_addr_changed
                0x0000000010009b68       0x40 CMakeFiles/lwip_test.dir/Users/mikeyliang/Pico/pico-sdk/lib/lwip/src/core/udp.c.obj
                0x0000000010009b68                udp_netif_ip_addr_changed
 .text.dhcp_create_msg
                0x0000000010009ba8      0x16c CMakeFiles/lwip_test.dir/Users/mikeyliang/Pico/pico-sdk/lib/lwip/src/core/ipv4/dhcp.c.obj
 .text.dhcp_inc_pcb_refcount
                0x0000000010009d14       0x6c CMakeFiles/lwip_test.dir/Users/mikeyliang/Pico/pico-sdk/lib/lwip/src/core/ipv4/dhcp.c.obj
 .text.dhcp_bind
                0x0000000010009d80      0x13c CMakeFiles/lwip_test.dir/Users/mikeyliang/Pico/pico-sdk/lib/lwip/src/core/ipv4/dhcp.c.obj
 .text.dhcp_option_hostname.isra.0
                0x0000000010009ebc       0x7c CMakeFiles/lwip_test.dir/Users/mikeyliang/Pico/pico-sdk/lib/lwip/src/core/ipv4/dhcp.c.obj
 .text.dhcp_handle_ack.isra.3
                0x0000000010009f38       0xc8 CMakeFiles/lwip_test.dir/Users/mikeyliang/Pico/pico-sdk/lib/lwip/src/core/ipv4/dhcp.c.obj
 .text.dhcp_create_msg.constprop.4
                0x000000001000a000      0x108 CMakeFiles/lwip_test.dir/Users/mikeyliang/Pico/pico-sdk/lib/lwip/src/core/ipv4/dhcp.c.obj
 .text.dhcp_reboot
                0x000000001000a108      0x1ec CMakeFiles/lwip_test.dir/Users/mikeyliang/Pico/pico-sdk/lib/lwip/src/core/ipv4/dhcp.c.obj
 .text.dhcp_discover
                0x000000001000a2f4      0x1a0 CMakeFiles/lwip_test.dir/Users/mikeyliang/Pico/pico-sdk/lib/lwip/src/core/ipv4/dhcp.c.obj
 .text.dhcp_select
                0x000000001000a494      0x280 CMakeFiles/lwip_test.dir/Users/mikeyliang/Pico/pico-sdk/lib/lwip/src/core/ipv4/dhcp.c.obj
 .text.dhcp_recv
                0x000000001000a714      0x4e0 CMakeFiles/lwip_test.dir/Users/mikeyliang/Pico/pico-sdk/lib/lwip/src/core/ipv4/dhcp.c.obj
 .text.dhcp_set_struct
                0x000000001000abf4       0x44 CMakeFiles/lwip_test.dir/Users/mikeyliang/Pico/pico-sdk/lib/lwip/src/core/ipv4/dhcp.c.obj
                0x000000001000abf4                dhcp_set_struct
 .text.dhcp_network_changed_link_up
                0x000000001000ac38       0x40 CMakeFiles/lwip_test.dir/Users/mikeyliang/Pico/pico-sdk/lib/lwip/src/core/ipv4/dhcp.c.obj
                0x000000001000ac38                dhcp_network_changed_link_up
 .text.dhcp_renew
                0x000000001000ac78      0x1b4 CMakeFiles/lwip_test.dir/Users/mikeyliang/Pico/pico-sdk/lib/lwip/src/core/ipv4/dhcp.c.obj
                0x000000001000ac78                dhcp_renew
 .text.dhcp_release_and_stop
                0x000000001000ae2c      0x180 CMakeFiles/lwip_test.dir/Users/mikeyliang/Pico/pico-sdk/lib/lwip/src/core/ipv4/dhcp.c.obj
                0x000000001000ae2c                dhcp_release_and_stop
 .text.dhcp_start
                0x000000001000afac       0xb0 CMakeFiles/lwip_test.dir/Users/mikeyliang/Pico/pico-sdk/lib/lwip/src/core/ipv4/dhcp.c.obj
                0x000000001000afac                dhcp_start
 .text.dhcp_coarse_tmr
                0x000000001000b05c      0x22c CMakeFiles/lwip_test.dir/Users/mikeyliang/Pico/pico-sdk/lib/lwip/src/core/ipv4/dhcp.c.obj
                0x000000001000b05c                dhcp_coarse_tmr
 .text.dhcp_fine_tmr
                0x000000001000b288       0x78 CMakeFiles/lwip_test.dir/Users/mikeyliang/Pico/pico-sdk/lib/lwip/src/core/ipv4/dhcp.c.obj
                0x000000001000b288                dhcp_fine_tmr
 .text.dhcp_stop
                0x000000001000b300        0x8 CMakeFiles/lwip_test.dir/Users/mikeyliang/Pico/pico-sdk/lib/lwip/src/core/ipv4/dhcp.c.obj
                0x000000001000b300                dhcp_stop
 .text.etharp_find_entry
                0x000000001000b308     0x1288 CMakeFiles/lwip_test.dir/Users/mikeyliang/Pico/pico-sdk/lib/lwip/src/core/ipv4/etharp.c.obj
 .text.etharp_raw
                0x000000001000c590       0xf4 CMakeFiles/lwip_test.dir/Users/mikeyliang/Pico/pico-sdk/lib/lwip/src/core/ipv4/etharp.c.obj
 .text.etharp_output_to_arp_index
                0x000000001000c684       0xb8 CMakeFiles/lwip_test.dir/Users/mikeyliang/Pico/pico-sdk/lib/lwip/src/core/ipv4/etharp.c.obj
 .text.etharp_tmr
                0x000000001000c73c       0xa0 CMakeFiles/lwip_test.dir/Users/mikeyliang/Pico/pico-sdk/lib/lwip/src/core/ipv4/etharp.c.obj
                0x000000001000c73c                etharp_tmr
 .text.etharp_cleanup_netif
                0x000000001000c7dc      0x1dc CMakeFiles/lwip_test.dir/Users/mikeyliang/Pico/pico-sdk/lib/lwip/src/core/ipv4/etharp.c.obj
                0x000000001000c7dc                etharp_cleanup_netif
 .text.etharp_input
                0x000000001000c9b8      0x1a8 CMakeFiles/lwip_test.dir/Users/mikeyliang/Pico/pico-sdk/lib/lwip/src/core/ipv4/etharp.c.obj
                0x000000001000c9b8                etharp_input
 .text.etharp_query
                0x000000001000cb60      0x1c0 CMakeFiles/lwip_test.dir/Users/mikeyliang/Pico/pico-sdk/lib/lwip/src/core/ipv4/etharp.c.obj
                0x000000001000cb60                etharp_query
 .text.etharp_output
                0x000000001000cd20      0x248 CMakeFiles/lwip_test.dir/Users/mikeyliang/Pico/pico-sdk/lib/lwip/src/core/ipv4/etharp.c.obj
                0x000000001000cd20                etharp_output
 .text.etharp_request
                0x000000001000cf68       0x2c CMakeFiles/lwip_test.dir/Users/mikeyliang/Pico/pico-sdk/lib/lwip/src/core/ipv4/etharp.c.obj
                0x000000001000cf68                etharp_request
 .text.icmp_input
                0x000000001000cf94      0x1fc CMakeFiles/lwip_test.dir/Users/mikeyliang/Pico/pico-sdk/lib/lwip/src/core/ipv4/icmp.c.obj
                0x000000001000cf94                icmp_input
 .text.icmp_dest_unreach
                0x000000001000d190       0xcc CMakeFiles/lwip_test.dir/Users/mikeyliang/Pico/pico-sdk/lib/lwip/src/core/ipv4/icmp.c.obj
                0x000000001000d190                icmp_dest_unreach
 .text.icmp_time_exceeded
                0x000000001000d25c       0xcc CMakeFiles/lwip_test.dir/Users/mikeyliang/Pico/pico-sdk/lib/lwip/src/core/ipv4/icmp.c.obj
                0x000000001000d25c                icmp_time_exceeded
 .text.ip_reass_free_complete_datagram
                0x000000001000d328      0x12c CMakeFiles/lwip_test.dir/Users/mikeyliang/Pico/pico-sdk/lib/lwip/src/core/ipv4/ip4_frag.c.obj
 .text.ip_reass_remove_oldest_datagram
                0x000000001000d454       0xd8 CMakeFiles/lwip_test.dir/Users/mikeyliang/Pico/pico-sdk/lib/lwip/src/core/ipv4/ip4_frag.c.obj
 .text.ip_reass_tmr
                0x000000001000d52c       0x30 CMakeFiles/lwip_test.dir/Users/mikeyliang/Pico/pico-sdk/lib/lwip/src/core/ipv4/ip4_frag.c.obj
                0x000000001000d52c                ip_reass_tmr
 .text.ip4_reass
                0x000000001000d55c      0x5a8 CMakeFiles/lwip_test.dir/Users/mikeyliang/Pico/pico-sdk/lib/lwip/src/core/ipv4/ip4_frag.c.obj
                0x000000001000d55c                ip4_reass
 .text.ip4_frag
                0x000000001000db04      0x180 CMakeFiles/lwip_test.dir/Users/mikeyliang/Pico/pico-sdk/lib/lwip/src/core/ipv4/ip4_frag.c.obj
                0x000000001000db04                ip4_frag
 .text.ip4_route
                0x000000001000dc84       0x7c CMakeFiles/lwip_test.dir/Users/mikeyliang/Pico/pico-sdk/lib/lwip/src/core/ipv4/ip4.c.obj
                0x000000001000dc84                ip4_route
 .text.ip4_input
                0x000000001000dd00      0x2c8 CMakeFiles/lwip_test.dir/Users/mikeyliang/Pico/pico-sdk/lib/lwip/src/core/ipv4/ip4.c.obj
                0x000000001000dd00                ip4_input
 .text.ip4_output_if_src
                0x000000001000dfc8      0x17c CMakeFiles/lwip_test.dir/Users/mikeyliang/Pico/pico-sdk/lib/lwip/src/core/ipv4/ip4.c.obj
                0x000000001000dfc8                ip4_output_if_src
 .text.ip4_output_if
                0x000000001000e144       0x30 CMakeFiles/lwip_test.dir/Users/mikeyliang/Pico/pico-sdk/lib/lwip/src/core/ipv4/ip4.c.obj
                0x000000001000e144                ip4_output_if
 .text.ip4_addr_isbroadcast_u32
                0x000000001000e174       0x38 CMakeFiles/lwip_test.dir/Users/mikeyliang/Pico/pico-sdk/lib/lwip/src/core/ipv4/ip4_addr.c.obj
                0x000000001000e174                ip4_addr_isbroadcast_u32
 .text.ip4addr_aton
                0x000000001000e1ac      0x1a4 CMakeFiles/lwip_test.dir/Users/mikeyliang/Pico/pico-sdk/lib/lwip/src/core/ipv4/ip4_addr.c.obj
                0x000000001000e1ac                ip4addr_aton
 .text.ip4addr_ntoa
                0x000000001000e350       0xdc CMakeFiles/lwip_test.dir/Users/mikeyliang/Pico/pico-sdk/lib/lwip/src/core/ipv4/ip4_addr.c.obj
                0x000000001000e350                ip4addr_ntoa
 .text.ethernet_input
                0x000000001000e42c       0xd0 CMakeFiles/lwip_test.dir/Users/mikeyliang/Pico/pico-sdk/lib/lwip/src/netif/ethernet.c.obj
                0x000000001000e42c                ethernet_input
 .text.ethernet_output
                0x000000001000e4fc       0x6c CMakeFiles/lwip_test.dir/Users/mikeyliang/Pico/pico-sdk/lib/lwip/src/netif/ethernet.c.obj
                0x000000001000e4fc                ethernet_output
 .text.cyw43_arch_wifi_connect_bssid_until.part.0
                0x000000001000e568       0xd0 CMakeFiles/lwip_test.dir/Users/mikeyliang/Pico/pico-sdk/src/rp2_common/pico_cyw43_arch/cyw43_arch.c.obj
 .text.cyw43_arch_set_async_context
                0x000000001000e638        0xc CMakeFiles/lwip_test.dir/Users/mikeyliang/Pico/pico-sdk/src/rp2_common/pico_cyw43_arch/cyw43_arch.c.obj
                0x000000001000e638                cyw43_arch_set_async_context
 .text.cyw43_arch_enable_sta_mode
                0x000000001000e644       0x1c CMakeFiles/lwip_test.dir/Users/mikeyliang/Pico/pico-sdk/src/rp2_common/pico_cyw43_arch/cyw43_arch.c.obj
                0x000000001000e644                cyw43_arch_enable_sta_mode
 .text.cyw43_arch_wifi_connect_timeout_ms
                0x000000001000e660       0x94 CMakeFiles/lwip_test.dir/Users/mikeyliang/Pico/pico-sdk/src/rp2_common/pico_cyw43_arch/cyw43_arch.c.obj
                0x000000001000e660                cyw43_arch_wifi_connect_timeout_ms
 .text.cyw43_arch_gpio_put
                0x000000001000e6f4       0x14 CMakeFiles/lwip_test.dir/Users/mikeyliang/Pico/pico-sdk/src/rp2_common/pico_cyw43_arch/cyw43_arch.c.obj
                0x000000001000e6f4                cyw43_arch_gpio_put
 .text.cyw43_arch_async_context
                0x000000001000e708        0xc CMakeFiles/lwip_test.dir/Users/mikeyliang/Pico/pico-sdk/src/rp2_common/pico_cyw43_arch/cyw43_arch.c.obj
                0x000000001000e708                cyw43_arch_async_context
 .text.cyw43_arch_init
                0x000000001000e714       0x80 CMakeFiles/lwip_test.dir/Users/mikeyliang/Pico/pico-sdk/src/rp2_common/pico_cyw43_arch/cyw43_arch_threadsafe_background.c.obj
                0x000000001000e714                cyw43_arch_init
 .text.cyw43_arch_deinit
                0x000000001000e794       0x30 CMakeFiles/lwip_test.dir/Users/mikeyliang/Pico/pico-sdk/src/rp2_common/pico_cyw43_arch/cyw43_arch_threadsafe_background.c.obj
                0x000000001000e794                cyw43_arch_deinit
 .text.ns_delay.constprop.27
                0x000000001000e7c4       0x20 CMakeFiles/lwip_test.dir/Users/mikeyliang/Pico/pico-sdk/src/rp2_common/pico_cyw43_driver/cyw43_bus_pio_spi.c.obj
 .text.cyw43_spi_deinit
                0x000000001000e7e4       0x7c CMakeFiles/lwip_test.dir/Users/mikeyliang/Pico/pico-sdk/src/rp2_common/pico_cyw43_driver/cyw43_bus_pio_spi.c.obj
                0x000000001000e7e4                cyw43_spi_deinit
 .text.cyw43_spi_init
                0x000000001000e860      0x154 CMakeFiles/lwip_test.dir/Users/mikeyliang/Pico/pico-sdk/src/rp2_common/pico_cyw43_driver/cyw43_bus_pio_spi.c.obj
                0x000000001000e860                cyw43_spi_init
 .text.cyw43_spi_transfer
                0x000000001000e9b4      0x440 CMakeFiles/lwip_test.dir/Users/mikeyliang/Pico/pico-sdk/src/rp2_common/pico_cyw43_driver/cyw43_bus_pio_spi.c.obj
                0x000000001000e9b4                cyw43_spi_transfer
 .text.cyw43_spi_gpio_setup
                0x000000001000edf4       0x3c CMakeFiles/lwip_test.dir/Users/mikeyliang/Pico/pico-sdk/src/rp2_common/pico_cyw43_driver/cyw43_bus_pio_spi.c.obj
                0x000000001000edf4                cyw43_spi_gpio_setup
 .text.cyw43_spi_reset
                0x000000001000ee30       0x28 CMakeFiles/lwip_test.dir/Users/mikeyliang/Pico/pico-sdk/src/rp2_common/pico_cyw43_driver/cyw43_bus_pio_spi.c.obj
                0x000000001000ee30                cyw43_spi_reset
 .text.read_reg_u32_swap
                0x000000001000ee58      0x260 CMakeFiles/lwip_test.dir/Users/mikeyliang/Pico/pico-sdk/src/rp2_common/pico_cyw43_driver/cyw43_bus_pio_spi.c.obj
                0x000000001000ee58                read_reg_u32_swap
 .text.cyw43_read_reg_u32
                0x000000001000f0b8       0x64 CMakeFiles/lwip_test.dir/Users/mikeyliang/Pico/pico-sdk/src/rp2_common/pico_cyw43_driver/cyw43_bus_pio_spi.c.obj
                0x000000001000f0b8                cyw43_read_reg_u32
 .text.cyw43_read_reg_u16
                0x000000001000f11c       0x64 CMakeFiles/lwip_test.dir/Users/mikeyliang/Pico/pico-sdk/src/rp2_common/pico_cyw43_driver/cyw43_bus_pio_spi.c.obj
                0x000000001000f11c                cyw43_read_reg_u16
 .text.cyw43_read_reg_u8
                0x000000001000f180       0x64 CMakeFiles/lwip_test.dir/Users/mikeyliang/Pico/pico-sdk/src/rp2_common/pico_cyw43_driver/cyw43_bus_pio_spi.c.obj
                0x000000001000f180                cyw43_read_reg_u8
 .text.write_reg_u32_swap
                0x000000001000f1e4      0x1fc CMakeFiles/lwip_test.dir/Users/mikeyliang/Pico/pico-sdk/src/rp2_common/pico_cyw43_driver/cyw43_bus_pio_spi.c.obj
                0x000000001000f1e4                write_reg_u32_swap
 .text.cyw43_write_reg_u32
                0x000000001000f3e0      0x21c CMakeFiles/lwip_test.dir/Users/mikeyliang/Pico/pico-sdk/src/rp2_common/pico_cyw43_driver/cyw43_bus_pio_spi.c.obj
                0x000000001000f3e0                cyw43_write_reg_u32
 .text.cyw43_write_reg_u16
                0x000000001000f5fc      0x21c CMakeFiles/lwip_test.dir/Users/mikeyliang/Pico/pico-sdk/src/rp2_common/pico_cyw43_driver/cyw43_bus_pio_spi.c.obj
                0x000000001000f5fc                cyw43_write_reg_u16
 .text.cyw43_write_reg_u8
                0x000000001000f818      0x21c CMakeFiles/lwip_test.dir/Users/mikeyliang/Pico/pico-sdk/src/rp2_common/pico_cyw43_driver/cyw43_bus_pio_spi.c.obj
                0x000000001000f818                cyw43_write_reg_u8
 .text.cyw43_read_bytes
                0x000000001000fa34       0x78 CMakeFiles/lwip_test.dir/Users/mikeyliang/Pico/pico-sdk/src/rp2_common/pico_cyw43_driver/cyw43_bus_pio_spi.c.obj
                0x000000001000fa34                cyw43_read_bytes
 .text.cyw43_write_bytes
                0x000000001000faac       0xd8 CMakeFiles/lwip_test.dir/Users/mikeyliang/Pico/pico-sdk/src/rp2_common/pico_cyw43_driver/cyw43_bus_pio_spi.c.obj
                0x000000001000faac                cyw43_write_bytes
 .text.cyw43_set_backplane_window
                0x000000001000fb84       0x64 CMakeFiles/lwip_test.dir/Users/mikeyliang/Pico/pico-sdk/lib/cyw43-driver/src/cyw43_ll.c.obj
 .text.cyw43_ll_parse_async_event
                0x000000001000fbe8      0x158 CMakeFiles/lwip_test.dir/Users/mikeyliang/Pico/pico-sdk/lib/cyw43-driver/src/cyw43_ll.c.obj
 .text.cyw43_kso_set
                0x000000001000fd40       0xa0 CMakeFiles/lwip_test.dir/Users/mikeyliang/Pico/pico-sdk/lib/cyw43-driver/src/cyw43_ll.c.obj
 .text.cyw43_ll_sdpcm_poll_device
                0x000000001000fde0      0x238 CMakeFiles/lwip_test.dir/Users/mikeyliang/Pico/pico-sdk/lib/cyw43-driver/src/cyw43_ll.c.obj
 .text.cyw43_sdpcm_send_common
                0x0000000010010018       0xf0 CMakeFiles/lwip_test.dir/Users/mikeyliang/Pico/pico-sdk/lib/cyw43-driver/src/cyw43_ll.c.obj
 .text.cyw43_do_ioctl
                0x0000000010010108      0x110 CMakeFiles/lwip_test.dir/Users/mikeyliang/Pico/pico-sdk/lib/cyw43-driver/src/cyw43_ll.c.obj
 .text.cyw43_do_ioctl.constprop.9
                0x0000000010010218      0x108 CMakeFiles/lwip_test.dir/Users/mikeyliang/Pico/pico-sdk/lib/cyw43-driver/src/cyw43_ll.c.obj
 .text.reset_device_core.constprop.8
                0x0000000010010320      0x3f0 CMakeFiles/lwip_test.dir/Users/mikeyliang/Pico/pico-sdk/lib/cyw43-driver/src/cyw43_ll.c.obj
 .text.cyw43_ll_init
                0x0000000010010710       0x1c CMakeFiles/lwip_test.dir/Users/mikeyliang/Pico/pico-sdk/lib/cyw43-driver/src/cyw43_ll.c.obj
                0x0000000010010710                cyw43_ll_init
 .text.cyw43_ll_deinit
                0x000000001001072c        0x8 CMakeFiles/lwip_test.dir/Users/mikeyliang/Pico/pico-sdk/lib/cyw43-driver/src/cyw43_ll.c.obj
                0x000000001001072c                cyw43_ll_deinit
 .text.cyw43_ll_send_ethernet
                0x0000000010010734       0x5c CMakeFiles/lwip_test.dir/Users/mikeyliang/Pico/pico-sdk/lib/cyw43-driver/src/cyw43_ll.c.obj
                0x0000000010010734                cyw43_ll_send_ethernet
 .text.cyw43_ll_process_packets
                0x0000000010010790       0x54 CMakeFiles/lwip_test.dir/Users/mikeyliang/Pico/pico-sdk/lib/cyw43-driver/src/cyw43_ll.c.obj
                0x0000000010010790                cyw43_ll_process_packets
 .text.cyw43_ll_ioctl
                0x00000000100107e4       0x20 CMakeFiles/lwip_test.dir/Users/mikeyliang/Pico/pico-sdk/lib/cyw43-driver/src/cyw43_ll.c.obj
                0x00000000100107e4                cyw43_ll_ioctl
 .text.cyw43_ll_bus_sleep
                0x0000000010010804       0x34 CMakeFiles/lwip_test.dir/Users/mikeyliang/Pico/pico-sdk/lib/cyw43-driver/src/cyw43_ll.c.obj
                0x0000000010010804                cyw43_ll_bus_sleep
 .text.cyw43_ll_bus_init
                0x0000000010010838      0xc98 CMakeFiles/lwip_test.dir/Users/mikeyliang/Pico/pico-sdk/lib/cyw43-driver/src/cyw43_ll.c.obj
                0x0000000010010838                cyw43_ll_bus_init
 .text.cyw43_ll_wifi_on
                0x00000000100114d0      0x240 CMakeFiles/lwip_test.dir/Users/mikeyliang/Pico/pico-sdk/lib/cyw43-driver/src/cyw43_ll.c.obj
                0x00000000100114d0                cyw43_ll_wifi_on
 .text.cyw43_ll_wifi_get_mac
                0x0000000010011710       0x44 CMakeFiles/lwip_test.dir/Users/mikeyliang/Pico/pico-sdk/lib/cyw43-driver/src/cyw43_ll.c.obj
                0x0000000010011710                cyw43_ll_wifi_get_mac
 .text.cyw43_ll_wifi_pm
                0x0000000010011754      0x1ac CMakeFiles/lwip_test.dir/Users/mikeyliang/Pico/pico-sdk/lib/cyw43-driver/src/cyw43_ll.c.obj
                0x0000000010011754                cyw43_ll_wifi_pm
 .text.cyw43_ll_wifi_join
                0x0000000010011900      0x310 CMakeFiles/lwip_test.dir/Users/mikeyliang/Pico/pico-sdk/lib/cyw43-driver/src/cyw43_ll.c.obj
                0x0000000010011900                cyw43_ll_wifi_join
 .text.cyw43_ll_wifi_set_wpa_auth
                0x0000000010011c10       0x2c CMakeFiles/lwip_test.dir/Users/mikeyliang/Pico/pico-sdk/lib/cyw43-driver/src/cyw43_ll.c.obj
                0x0000000010011c10                cyw43_ll_wifi_set_wpa_auth
 .text.cyw43_ll_wifi_rejoin
                0x0000000010011c3c       0x1c CMakeFiles/lwip_test.dir/Users/mikeyliang/Pico/pico-sdk/lib/cyw43-driver/src/cyw43_ll.c.obj
                0x0000000010011c3c                cyw43_ll_wifi_rejoin
 .text.cyw43_ll_wifi_ap_init
                0x0000000010011c58      0x2c8 CMakeFiles/lwip_test.dir/Users/mikeyliang/Pico/pico-sdk/lib/cyw43-driver/src/cyw43_ll.c.obj
                0x0000000010011c58                cyw43_ll_wifi_ap_init
 .text.cyw43_ll_wifi_ap_set_up
                0x0000000010011f20       0x54 CMakeFiles/lwip_test.dir/Users/mikeyliang/Pico/pico-sdk/lib/cyw43-driver/src/cyw43_ll.c.obj
                0x0000000010011f20                cyw43_ll_wifi_ap_set_up
 .text.cyw43_ll_gpio_set
                0x0000000010011f74       0x6c CMakeFiles/lwip_test.dir/Users/mikeyliang/Pico/pico-sdk/lib/cyw43-driver/src/cyw43_ll.c.obj
                0x0000000010011f74                cyw43_ll_gpio_set
 .text.cyw43_ll_has_work
                0x0000000010011fe0       0x14 CMakeFiles/lwip_test.dir/Users/mikeyliang/Pico/pico-sdk/lib/cyw43-driver/src/cyw43_ll.c.obj
                0x0000000010011fe0                cyw43_ll_has_work
 .text.cyw43_netif_init
                0x0000000010011ff4       0x3c CMakeFiles/lwip_test.dir/Users/mikeyliang/Pico/pico-sdk/lib/cyw43-driver/src/cyw43_lwip.c.obj
 .text.cyw43_netif_output
                0x0000000010012030       0x38 CMakeFiles/lwip_test.dir/Users/mikeyliang/Pico/pico-sdk/lib/cyw43-driver/src/cyw43_lwip.c.obj
 .text.cyw43_cb_tcpip_init
                0x0000000010012068       0xbc CMakeFiles/lwip_test.dir/Users/mikeyliang/Pico/pico-sdk/lib/cyw43-driver/src/cyw43_lwip.c.obj
                0x0000000010012068                cyw43_cb_tcpip_init
 .text.cyw43_cb_tcpip_deinit
                0x0000000010012124       0x4c CMakeFiles/lwip_test.dir/Users/mikeyliang/Pico/pico-sdk/lib/cyw43-driver/src/cyw43_lwip.c.obj
                0x0000000010012124                cyw43_cb_tcpip_deinit
 .text.cyw43_cb_process_ethernet
                0x0000000010012170       0x68 CMakeFiles/lwip_test.dir/Users/mikeyliang/Pico/pico-sdk/lib/cyw43-driver/src/cyw43_lwip.c.obj
                0x0000000010012170                cyw43_cb_process_ethernet
 .text.cyw43_cb_tcpip_set_link_up
                0x00000000100121d8       0x18 CMakeFiles/lwip_test.dir/Users/mikeyliang/Pico/pico-sdk/lib/cyw43-driver/src/cyw43_lwip.c.obj
                0x00000000100121d8                cyw43_cb_tcpip_set_link_up
 .text.cyw43_cb_tcpip_set_link_down
                0x00000000100121f0       0x18 CMakeFiles/lwip_test.dir/Users/mikeyliang/Pico/pico-sdk/lib/cyw43-driver/src/cyw43_lwip.c.obj
                0x00000000100121f0                cyw43_cb_tcpip_set_link_down
 .text.cyw43_tcpip_link_status
                0x0000000010012208       0x34 CMakeFiles/lwip_test.dir/Users/mikeyliang/Pico/pico-sdk/lib/cyw43-driver/src/cyw43_lwip.c.obj
                0x0000000010012208                cyw43_tcpip_link_status
 .text.cyw43_poll_func
                0x000000001001223c       0xc0 CMakeFiles/lwip_test.dir/Users/mikeyliang/Pico/pico-sdk/lib/cyw43-driver/src/cyw43_ctrl.c.obj
 .text.cyw43_init
                0x00000000100122fc       0x6c CMakeFiles/lwip_test.dir/Users/mikeyliang/Pico/pico-sdk/lib/cyw43-driver/src/cyw43_ctrl.c.obj
                0x00000000100122fc                cyw43_init
 .text.cyw43_deinit
                0x0000000010012368       0x90 CMakeFiles/lwip_test.dir/Users/mikeyliang/Pico/pico-sdk/lib/cyw43-driver/src/cyw43_ctrl.c.obj
                0x0000000010012368                cyw43_deinit
 .text.cyw43_cb_read_host_interrupt_pin
                0x00000000100123f8        0xc CMakeFiles/lwip_test.dir/Users/mikeyliang/Pico/pico-sdk/lib/cyw43-driver/src/cyw43_ctrl.c.obj
                0x00000000100123f8                cyw43_cb_read_host_interrupt_pin
 .text.cyw43_cb_ensure_awake
                0x0000000010012404        0xc CMakeFiles/lwip_test.dir/Users/mikeyliang/Pico/pico-sdk/lib/cyw43-driver/src/cyw43_ctrl.c.obj
                0x0000000010012404                cyw43_cb_ensure_awake
 .text.cyw43_cb_process_async_event
                0x0000000010012410      0x224 CMakeFiles/lwip_test.dir/Users/mikeyliang/Pico/pico-sdk/lib/cyw43-driver/src/cyw43_ctrl.c.obj
                0x0000000010012410                cyw43_cb_process_async_event
 .text.cyw43_send_ethernet
                0x0000000010012634       0xbc CMakeFiles/lwip_test.dir/Users/mikeyliang/Pico/pico-sdk/lib/cyw43-driver/src/cyw43_ctrl.c.obj
                0x0000000010012634                cyw43_send_ethernet
 .text.cyw43_wifi_get_mac
                0x00000000100126f0       0x10 CMakeFiles/lwip_test.dir/Users/mikeyliang/Pico/pico-sdk/lib/cyw43-driver/src/cyw43_ctrl.c.obj
                0x00000000100126f0                cyw43_wifi_get_mac
 .text.cyw43_wifi_set_up
                0x0000000010012700      0x308 CMakeFiles/lwip_test.dir/Users/mikeyliang/Pico/pico-sdk/lib/cyw43-driver/src/cyw43_ctrl.c.obj
                0x0000000010012700                cyw43_wifi_set_up
 .text.cyw43_wifi_link_status
                0x0000000010012a08       0x3c CMakeFiles/lwip_test.dir/Users/mikeyliang/Pico/pico-sdk/lib/cyw43-driver/src/cyw43_ctrl.c.obj
                0x0000000010012a08                cyw43_wifi_link_status
 .text.cyw43_wifi_join
                0x0000000010012a44       0xe8 CMakeFiles/lwip_test.dir/Users/mikeyliang/Pico/pico-sdk/lib/cyw43-driver/src/cyw43_ctrl.c.obj
                0x0000000010012a44                cyw43_wifi_join
 .text.cyw43_gpio_set
                0x0000000010012b2c       0xa0 CMakeFiles/lwip_test.dir/Users/mikeyliang/Pico/pico-sdk/lib/cyw43-driver/src/cyw43_ctrl.c.obj
                0x0000000010012b2c                cyw43_gpio_set
 .text.pio_sm_unclaim
                0x0000000010012bcc       0x20 CMakeFiles/lwip_test.dir/Users/mikeyliang/Pico/pico-sdk/src/rp2_common/hardware_pio/pio.c.obj
                0x0000000010012bcc                pio_sm_unclaim
 .text.pio_claim_unused_sm
                0x0000000010012bec       0x3c CMakeFiles/lwip_test.dir/Users/mikeyliang/Pico/pico-sdk/src/rp2_common/hardware_pio/pio.c.obj
                0x0000000010012bec                pio_claim_unused_sm
 .text.pio_can_add_program
                0x0000000010012c28       0x68 CMakeFiles/lwip_test.dir/Users/mikeyliang/Pico/pico-sdk/src/rp2_common/hardware_pio/pio.c.obj
                0x0000000010012c28                pio_can_add_program
 .text.pio_add_program
                0x0000000010012c90       0xc8 CMakeFiles/lwip_test.dir/Users/mikeyliang/Pico/pico-sdk/src/rp2_common/hardware_pio/pio.c.obj
                0x0000000010012c90                pio_add_program
 .text.pio_remove_program
                0x0000000010012d58       0x34 CMakeFiles/lwip_test.dir/Users/mikeyliang/Pico/pico-sdk/src/rp2_common/hardware_pio/pio.c.obj
                0x0000000010012d58                pio_remove_program
 .text.pio_sm_set_pindirs_with_mask
                0x0000000010012d8c       0xa4 CMakeFiles/lwip_test.dir/Users/mikeyliang/Pico/pico-sdk/src/rp2_common/hardware_pio/pio.c.obj
                0x0000000010012d8c                pio_sm_set_pindirs_with_mask
 .text.pio_sm_set_consecutive_pindirs
                0x0000000010012e30       0xb0 CMakeFiles/lwip_test.dir/Users/mikeyliang/Pico/pico-sdk/src/rp2_common/hardware_pio/pio.c.obj
                0x0000000010012e30                pio_sm_set_consecutive_pindirs
 .text.dma_channel_unclaim
                0x0000000010012ee0       0x10 CMakeFiles/lwip_test.dir/Users/mikeyliang/Pico/pico-sdk/src/rp2_common/hardware_dma/dma.c.obj
                0x0000000010012ee0                dma_channel_unclaim
 .text.dma_claim_unused_channel
                0x0000000010012ef0       0x20 CMakeFiles/lwip_test.dir/Users/mikeyliang/Pico/pico-sdk/src/rp2_common/hardware_dma/dma.c.obj
                0x0000000010012ef0                dma_claim_unused_channel
 .text.dma_channel_cleanup
                0x0000000010012f10       0x60 CMakeFiles/lwip_test.dir/Users/mikeyliang/Pico/pico-sdk/src/rp2_common/hardware_dma/dma.c.obj
                0x0000000010012f10                dma_channel_cleanup
 .text.cyw43_sleep_timeout_reached
                0x0000000010012f70       0x10 CMakeFiles/lwip_test.dir/Users/mikeyliang/Pico/pico-sdk/src/rp2_common/pico_cyw43_driver/cyw43_driver.c.obj
 .text.cyw43_irq_init
                0x0000000010012f80       0x28 CMakeFiles/lwip_test.dir/Users/mikeyliang/Pico/pico-sdk/src/rp2_common/pico_cyw43_driver/cyw43_driver.c.obj
                0x0000000010012f80                cyw43_irq_init
 .text.cyw43_irq_deinit
                0x0000000010012fa8       0x20 CMakeFiles/lwip_test.dir/Users/mikeyliang/Pico/pico-sdk/src/rp2_common/pico_cyw43_driver/cyw43_driver.c.obj
                0x0000000010012fa8                cyw43_irq_deinit
 .text.cyw43_gpio_irq_handler
                0x0000000010012fc8       0x44 CMakeFiles/lwip_test.dir/Users/mikeyliang/Pico/pico-sdk/src/rp2_common/pico_cyw43_driver/cyw43_driver.c.obj
 .text.cyw43_do_poll
                0x000000001001300c       0x6c CMakeFiles/lwip_test.dir/Users/mikeyliang/Pico/pico-sdk/src/rp2_common/pico_cyw43_driver/cyw43_driver.c.obj
 .text.cyw43_post_poll_hook
                0x0000000010013078       0x10 CMakeFiles/lwip_test.dir/Users/mikeyliang/Pico/pico-sdk/src/rp2_common/pico_cyw43_driver/cyw43_driver.c.obj
                0x0000000010013078                cyw43_post_poll_hook
 .text.cyw43_schedule_internal_poll_dispatch
                0x0000000010013088       0x18 CMakeFiles/lwip_test.dir/Users/mikeyliang/Pico/pico-sdk/src/rp2_common/pico_cyw43_driver/cyw43_driver.c.obj
                0x0000000010013088                cyw43_schedule_internal_poll_dispatch
 .text.cyw43_driver_init
                0x00000000100130a0       0x38 CMakeFiles/lwip_test.dir/Users/mikeyliang/Pico/pico-sdk/src/rp2_common/pico_cyw43_driver/cyw43_driver.c.obj
                0x00000000100130a0                cyw43_driver_init
 .text.cyw43_driver_deinit
                0x00000000100130d8       0x44 CMakeFiles/lwip_test.dir/Users/mikeyliang/Pico/pico-sdk/src/rp2_common/pico_cyw43_driver/cyw43_driver.c.obj
                0x00000000100130d8                cyw43_driver_deinit
 .text.cyw43_hal_generate_laa_mac
                0x000000001001311c       0x28 CMakeFiles/lwip_test.dir/Users/mikeyliang/Pico/pico-sdk/src/rp2_common/pico_cyw43_driver/cyw43_driver.c.obj
                0x000000001001311c                cyw43_hal_generate_laa_mac
 .text.cyw43_hal_get_mac
                0x0000000010013144       0x1c CMakeFiles/lwip_test.dir/Users/mikeyliang/Pico/pico-sdk/src/rp2_common/pico_cyw43_driver/cyw43_driver.c.obj
                0x0000000010013144                cyw43_hal_get_mac
 .text.cyw43_thread_enter
                0x0000000010013160       0x14 CMakeFiles/lwip_test.dir/Users/mikeyliang/Pico/pico-sdk/src/rp2_common/pico_cyw43_driver/cyw43_driver.c.obj
                0x0000000010013160                cyw43_thread_enter
 .text.cyw43_thread_exit
                0x0000000010013174       0x14 CMakeFiles/lwip_test.dir/Users/mikeyliang/Pico/pico-sdk/src/rp2_common/pico_cyw43_driver/cyw43_driver.c.obj
                0x0000000010013174                cyw43_thread_exit
 .text.cyw43_await_background_or_timeout_us
                0x0000000010013188       0x34 CMakeFiles/lwip_test.dir/Users/mikeyliang/Pico/pico-sdk/src/rp2_common/pico_cyw43_driver/cyw43_driver.c.obj
                0x0000000010013188                cyw43_await_background_or_timeout_us
 .text.cyw43_delay_ms
                0x00000000100131bc       0x44 CMakeFiles/lwip_test.dir/Users/mikeyliang/Pico/pico-sdk/src/rp2_common/pico_cyw43_driver/cyw43_driver.c.obj
                0x00000000100131bc                cyw43_delay_ms
 .text.cyw43_delay_us
                0x0000000010013200       0x34 CMakeFiles/lwip_test.dir/Users/mikeyliang/Pico/pico-sdk/src/rp2_common/pico_cyw43_driver/cyw43_driver.c.obj
                0x0000000010013200                cyw43_delay_us
 .text.handle_sync_func_call
                0x0000000010013234       0x24 CMakeFiles/lwip_test.dir/Users/mikeyliang/Pico/pico-sdk/src/rp2_common/pico_async_context/async_context_threadsafe_background.c.obj
 .text.async_context_threadsafe_background_acquire_lock_blocking
                0x0000000010013258        0xc CMakeFiles/lwip_test.dir/Users/mikeyliang/Pico/pico-sdk/src/rp2_common/pico_async_context/async_context_threadsafe_background.c.obj
 .text.process_under_lock
                0x0000000010013264       0xf0 CMakeFiles/lwip_test.dir/Users/mikeyliang/Pico/pico-sdk/src/rp2_common/pico_async_context/async_context_threadsafe_background.c.obj
 .text.async_context_threadsafe_background_deinit
                0x0000000010013354       0x64 CMakeFiles/lwip_test.dir/Users/mikeyliang/Pico/pico-sdk/src/rp2_common/pico_async_context/async_context_threadsafe_background.c.obj
 .text.low_priority_irq_handler
                0x00000000100133b8       0x40 CMakeFiles/lwip_test.dir/Users/mikeyliang/Pico/pico-sdk/src/rp2_common/pico_async_context/async_context_threadsafe_background.c.obj
 .text.async_context_threadsafe_background_wait_for_work_until
                0x00000000100133f8        0xc CMakeFiles/lwip_test.dir/Users/mikeyliang/Pico/pico-sdk/src/rp2_common/pico_async_context/async_context_threadsafe_background.c.obj
 .text.async_context_threadsafe_background_wait_until
                0x0000000010013404       0x1c CMakeFiles/lwip_test.dir/Users/mikeyliang/Pico/pico-sdk/src/rp2_common/pico_async_context/async_context_threadsafe_background.c.obj
 .text.async_context_threadsafe_background_lock_check
                0x0000000010013420       0x28 CMakeFiles/lwip_test.dir/Users/mikeyliang/Pico/pico-sdk/src/rp2_common/pico_async_context/async_context_threadsafe_background.c.obj
 .text.async_context_threadsafe_background_execute_sync
                0x0000000010013448       0xe4 CMakeFiles/lwip_test.dir/Users/mikeyliang/Pico/pico-sdk/src/rp2_common/pico_async_context/async_context_threadsafe_background.c.obj
                0x0000000010013448                async_context_threadsafe_background_execute_sync
 .text.async_context_threadsafe_background_set_work_pending
                0x000000001001352c       0x50 CMakeFiles/lwip_test.dir/Users/mikeyliang/Pico/pico-sdk/src/rp2_common/pico_async_context/async_context_threadsafe_background.c.obj
 .text.alarm_handler
                0x000000001001357c       0x58 CMakeFiles/lwip_test.dir/Users/mikeyliang/Pico/pico-sdk/src/rp2_common/pico_async_context/async_context_threadsafe_background.c.obj
 .text.async_context_threadsafe_background_release_lock
                0x00000000100135d4       0x7c CMakeFiles/lwip_test.dir/Users/mikeyliang/Pico/pico-sdk/src/rp2_common/pico_async_context/async_context_threadsafe_background.c.obj
 .text.async_context_threadsafe_background_when_pending_worker
                0x0000000010013650       0x94 CMakeFiles/lwip_test.dir/Users/mikeyliang/Pico/pico-sdk/src/rp2_common/pico_async_context/async_context_threadsafe_background.c.obj
 .text.async_context_threadsafe_background_remove_at_time_worker
                0x00000000100136e4       0x94 CMakeFiles/lwip_test.dir/Users/mikeyliang/Pico/pico-sdk/src/rp2_common/pico_async_context/async_context_threadsafe_background.c.obj
 .text.async_context_threadsafe_background_add_when_pending_worker
                0x0000000010013778       0x94 CMakeFiles/lwip_test.dir/Users/mikeyliang/Pico/pico-sdk/src/rp2_common/pico_async_context/async_context_threadsafe_background.c.obj
 .text.async_context_threadsafe_background_add_at_time_worker
                0x000000001001380c       0x94 CMakeFiles/lwip_test.dir/Users/mikeyliang/Pico/pico-sdk/src/rp2_common/pico_async_context/async_context_threadsafe_background.c.obj
 .text.async_context_threadsafe_background_default_config
                0x00000000100138a0        0xc CMakeFiles/lwip_test.dir/Users/mikeyliang/Pico/pico-sdk/src/rp2_common/pico_async_context/async_context_threadsafe_background.c.obj
                0x00000000100138a0                async_context_threadsafe_background_default_config
 .text.async_context_threadsafe_background_init
                0x00000000100138ac       0xa4 CMakeFiles/lwip_test.dir/Users/mikeyliang/Pico/pico-sdk/src/rp2_common/pico_async_context/async_context_threadsafe_background.c.obj
                0x00000000100138ac                async_context_threadsafe_background_init
 .text.uart_init
                0x0000000010013950      0x188 CMakeFiles/lwip_test.dir/Users/mikeyliang/Pico/pico-sdk/src/rp2_common/hardware_uart/uart.c.obj
                0x0000000010013950                uart_init
 .text.runtime_init
                0x0000000010013ad8       0xf4 CMakeFiles/lwip_test.dir/Users/mikeyliang/Pico/pico-sdk/src/rp2_common/pico_runtime/runtime.c.obj
                0x0000000010013ad8                runtime_init
 .text._exit    0x0000000010013bcc        0x4 CMakeFiles/lwip_test.dir/Users/mikeyliang/Pico/pico-sdk/src/rp2_common/pico_runtime/runtime.c.obj
                0x0000000010013bcc                _exit
 .text._sbrk    0x0000000010013bd0       0x34 CMakeFiles/lwip_test.dir/Users/mikeyliang/Pico/pico-sdk/src/rp2_common/pico_runtime/runtime.c.obj
                0x0000000010013bd0                _sbrk
 .text.exit     0x0000000010013c04        0x8 CMakeFiles/lwip_test.dir/Users/mikeyliang/Pico/pico-sdk/src/rp2_common/pico_runtime/runtime.c.obj
                0x0000000010013c04                exit
 .text.panic    0x0000000010013c0c       0x30 CMakeFiles/lwip_test.dir/Users/mikeyliang/Pico/pico-sdk/src/rp2_common/pico_runtime/runtime.c.obj
                0x0000000010013c0c                panic
 .text.hard_assertion_failure
                0x0000000010013c3c        0xc CMakeFiles/lwip_test.dir/Users/mikeyliang/Pico/pico-sdk/src/rp2_common/pico_runtime/runtime.c.obj
                0x0000000010013c3c                hard_assertion_failure
 .text._out_buffer
                0x0000000010013c48        0x8 CMakeFiles/lwip_test.dir/Users/mikeyliang/Pico/pico-sdk/src/rp2_common/pico_printf/printf.c.obj
 .text._out_null
                0x0000000010013c50        0x4 CMakeFiles/lwip_test.dir/Users/mikeyliang/Pico/pico-sdk/src/rp2_common/pico_printf/printf.c.obj
 .text._out_rev
                0x0000000010013c54       0x9c CMakeFiles/lwip_test.dir/Users/mikeyliang/Pico/pico-sdk/src/rp2_common/pico_printf/printf.c.obj
 .text._ntoa_format
                0x0000000010013cf0      0x1c8 CMakeFiles/lwip_test.dir/Users/mikeyliang/Pico/pico-sdk/src/rp2_common/pico_printf/printf.c.obj
 .text._out_char
                0x0000000010013eb8       0x10 CMakeFiles/lwip_test.dir/Users/mikeyliang/Pico/pico-sdk/src/rp2_common/pico_printf/printf.c.obj
 .text._out_fct
                0x0000000010013ec8       0x10 CMakeFiles/lwip_test.dir/Users/mikeyliang/Pico/pico-sdk/src/rp2_common/pico_printf/printf.c.obj
 .text._etoa    0x0000000010013ed8      0x45c CMakeFiles/lwip_test.dir/Users/mikeyliang/Pico/pico-sdk/src/rp2_common/pico_printf/printf.c.obj
 .text._ftoa    0x0000000010014334      0x4c0 CMakeFiles/lwip_test.dir/Users/mikeyliang/Pico/pico-sdk/src/rp2_common/pico_printf/printf.c.obj
 .text._vsnprintf
                0x00000000100147f4      0xad0 CMakeFiles/lwip_test.dir/Users/mikeyliang/Pico/pico-sdk/src/rp2_common/pico_printf/printf.c.obj
 .text.__wrap_sprintf
                0x00000000100152c4       0x28 CMakeFiles/lwip_test.dir/Users/mikeyliang/Pico/pico-sdk/src/rp2_common/pico_printf/printf.c.obj
                0x00000000100152c4                __wrap_sprintf
 .text.vfctprintf
                0x00000000100152ec       0x20 CMakeFiles/lwip_test.dir/Users/mikeyliang/Pico/pico-sdk/src/rp2_common/pico_printf/printf.c.obj
                0x00000000100152ec                vfctprintf
 .text.weak_raw_vprintf
                0x000000001001530c       0x30 CMakeFiles/lwip_test.dir/Users/mikeyliang/Pico/pico-sdk/src/rp2_common/pico_printf/printf.c.obj
                0x000000001001530c                weak_raw_vprintf
 .text          0x000000001001533c       0x10 CMakeFiles/lwip_test.dir/Users/mikeyliang/Pico/pico-sdk/src/rp2_common/pico_bit_ops/bit_ops_aeabi.S.obj
 .text.ctzsi    0x000000001001534c        0xc CMakeFiles/lwip_test.dir/Users/mikeyliang/Pico/pico-sdk/src/rp2_common/pico_bit_ops/bit_ops_aeabi.S.obj
                0x000000001001534c                __wrap___ctzsi2
 .text.__wrap___aeabi_idiv
                0x0000000010015358       0x50 CMakeFiles/lwip_test.dir/Users/mikeyliang/Pico/pico-sdk/src/rp2_common/pico_divider/divider.S.obj
                0x0000000010015358                __wrap___aeabi_idivmod
                0x0000000010015358                divmod_s32s32
                0x0000000010015358                div_s32s32
                0x0000000010015358                __wrap___aeabi_idiv
                0x0000000010015360                divmod_s32s32_unsafe
                0x000000001001538c                divmod_s32s32_savestate
 .text.__wrap___aeabi_uidiv
                0x00000000100153a8       0x4c CMakeFiles/lwip_test.dir/Users/mikeyliang/Pico/pico-sdk/src/rp2_common/pico_divider/divider.S.obj
                0x00000000100153a8                __wrap___aeabi_uidiv
                0x00000000100153a8                __wrap___aeabi_uidivmod
                0x00000000100153a8                div_u32u32
                0x00000000100153a8                divmod_u32u32
                0x00000000100153b0                divmod_u32u32_unsafe
                0x00000000100153d8                divmod_u32u32_savestate
 .text.__wrap___aeabi_ldiv
                0x00000000100153f4      0x424 CMakeFiles/lwip_test.dir/Users/mikeyliang/Pico/pico-sdk/src/rp2_common/pico_divider/divider.S.obj
                0x00000000100153f4                __wrap___aeabi_ldivmod
                0x00000000100153f4                div_s64s64
                0x00000000100153f4                divmod_s64s64
                0x0000000010015424                divmod_u64u64
                0x0000000010015424                div_u64u64
                0x0000000010015424                __wrap___aeabi_uldivmod
                0x0000000010015434                divmod_u64u64_savestate
                0x0000000010015454                divmod_s64s64_unsafe
                0x00000000100154dc                divmod_u64u64_unsafe
 .text.__wrap___aeabi_darithmetic
                0x0000000010015818       0x60 CMakeFiles/lwip_test.dir/Users/mikeyliang/Pico/pico-sdk/src/rp2_common/pico_double/double_aeabi.S.obj
                0x0000000010015818                __wrap___aeabi_drsub
                0x000000001001581e                __wrap___aeabi_dsub
                0x0000000010015828                __wrap___aeabi_dadd
                0x0000000010015832                __wrap___aeabi_ddiv
                0x0000000010015866                __wrap___aeabi_dmul
 .text.__wrap___aeabi_cdcmple